Archive member included to satisfy reference by file (symbol)

c:/program files/stm32cubeide_1.12.0/stm32cubeide/plugins/com.st.stm32cube.ide.mcu.externaltools.gnu-tools-for-stm32.10.3-2021.10.win32_1.0.200.202301161003/tools/bin/../lib/gcc/arm-none-eabi/10.3.1/../../../../arm-none-eabi/lib/thumb/v7-m/nofp\libc_nano.a(lib_a-atoi.o)
                              ./Core/Src/ushell.o (atoi)
c:/program files/stm32cubeide_1.12.0/stm32cubeide/plugins/com.st.stm32cube.ide.mcu.externaltools.gnu-tools-for-stm32.10.3-2021.10.win32_1.0.200.202301161003/tools/bin/../lib/gcc/arm-none-eabi/10.3.1/../../../../arm-none-eabi/lib/thumb/v7-m/nofp\libc_nano.a(lib_a-errno.o)
                              ./Core/Src/syscalls.o (__errno)
c:/program files/stm32cubeide_1.12.0/stm32cubeide/plugins/com.st.stm32cube.ide.mcu.externaltools.gnu-tools-for-stm32.10.3-2021.10.win32_1.0.200.202301161003/tools/bin/../lib/gcc/arm-none-eabi/10.3.1/../../../../arm-none-eabi/lib/thumb/v7-m/nofp\libc_nano.a(lib_a-exit.o)
                              c:/program files/stm32cubeide_1.12.0/stm32cubeide/plugins/com.st.stm32cube.ide.mcu.externaltools.gnu-tools-for-stm32.10.3-2021.10.win32_1.0.200.202301161003/tools/bin/../lib/gcc/arm-none-eabi/10.3.1/../../../../arm-none-eabi/lib/thumb/v7-m/nofp/crt0.o (exit)
c:/program files/stm32cubeide_1.12.0/stm32cubeide/plugins/com.st.stm32cube.ide.mcu.externaltools.gnu-tools-for-stm32.10.3-2021.10.win32_1.0.200.202301161003/tools/bin/../lib/gcc/arm-none-eabi/10.3.1/../../../../arm-none-eabi/lib/thumb/v7-m/nofp\libc_nano.a(lib_a-impure.o)
                              c:/program files/stm32cubeide_1.12.0/stm32cubeide/plugins/com.st.stm32cube.ide.mcu.externaltools.gnu-tools-for-stm32.10.3-2021.10.win32_1.0.200.202301161003/tools/bin/../lib/gcc/arm-none-eabi/10.3.1/../../../../arm-none-eabi/lib/thumb/v7-m/nofp\libc_nano.a(lib_a-exit.o) (_global_impure_ptr)
c:/program files/stm32cubeide_1.12.0/stm32cubeide/plugins/com.st.stm32cube.ide.mcu.externaltools.gnu-tools-for-stm32.10.3-2021.10.win32_1.0.200.202301161003/tools/bin/../lib/gcc/arm-none-eabi/10.3.1/../../../../arm-none-eabi/lib/thumb/v7-m/nofp\libc_nano.a(lib_a-init.o)
                              c:/program files/stm32cubeide_1.12.0/stm32cubeide/plugins/com.st.stm32cube.ide.mcu.externaltools.gnu-tools-for-stm32.10.3-2021.10.win32_1.0.200.202301161003/tools/bin/../lib/gcc/arm-none-eabi/10.3.1/../../../../arm-none-eabi/lib/thumb/v7-m/nofp/crt0.o (__libc_init_array)
c:/program files/stm32cubeide_1.12.0/stm32cubeide/plugins/com.st.stm32cube.ide.mcu.externaltools.gnu-tools-for-stm32.10.3-2021.10.win32_1.0.200.202301161003/tools/bin/../lib/gcc/arm-none-eabi/10.3.1/../../../../arm-none-eabi/lib/thumb/v7-m/nofp\libc_nano.a(lib_a-memset.o)
                              c:/program files/stm32cubeide_1.12.0/stm32cubeide/plugins/com.st.stm32cube.ide.mcu.externaltools.gnu-tools-for-stm32.10.3-2021.10.win32_1.0.200.202301161003/tools/bin/../lib/gcc/arm-none-eabi/10.3.1/../../../../arm-none-eabi/lib/thumb/v7-m/nofp/crt0.o (memset)
c:/program files/stm32cubeide_1.12.0/stm32cubeide/plugins/com.st.stm32cube.ide.mcu.externaltools.gnu-tools-for-stm32.10.3-2021.10.win32_1.0.200.202301161003/tools/bin/../lib/gcc/arm-none-eabi/10.3.1/../../../../arm-none-eabi/lib/thumb/v7-m/nofp\libc_nano.a(lib_a-puts.o)
                              ./Core/Src/ushell.o (puts)
c:/program files/stm32cubeide_1.12.0/stm32cubeide/plugins/com.st.stm32cube.ide.mcu.externaltools.gnu-tools-for-stm32.10.3-2021.10.win32_1.0.200.202301161003/tools/bin/../lib/gcc/arm-none-eabi/10.3.1/../../../../arm-none-eabi/lib/thumb/v7-m/nofp\libc_nano.a(lib_a-strchr.o)
                              ./Core/Src/ushell.o (strchr)
c:/program files/stm32cubeide_1.12.0/stm32cubeide/plugins/com.st.stm32cube.ide.mcu.externaltools.gnu-tools-for-stm32.10.3-2021.10.win32_1.0.200.202301161003/tools/bin/../lib/gcc/arm-none-eabi/10.3.1/../../../../arm-none-eabi/lib/thumb/v7-m/nofp\libc_nano.a(lib_a-strcpy.o)
                              ./Core/Src/ushell.o (strcpy)
c:/program files/stm32cubeide_1.12.0/stm32cubeide/plugins/com.st.stm32cube.ide.mcu.externaltools.gnu-tools-for-stm32.10.3-2021.10.win32_1.0.200.202301161003/tools/bin/../lib/gcc/arm-none-eabi/10.3.1/../../../../arm-none-eabi/lib/thumb/v7-m/nofp\libc_nano.a(lib_a-strlen.o)
                              ./Core/Src/ushell.o (strlen)
c:/program files/stm32cubeide_1.12.0/stm32cubeide/plugins/com.st.stm32cube.ide.mcu.externaltools.gnu-tools-for-stm32.10.3-2021.10.win32_1.0.200.202301161003/tools/bin/../lib/gcc/arm-none-eabi/10.3.1/../../../../arm-none-eabi/lib/thumb/v7-m/nofp\libc_nano.a(lib_a-strtod.o)
                              ./Core/Src/ushell.o (strtof)
c:/program files/stm32cubeide_1.12.0/stm32cubeide/plugins/com.st.stm32cube.ide.mcu.externaltools.gnu-tools-for-stm32.10.3-2021.10.win32_1.0.200.202301161003/tools/bin/../lib/gcc/arm-none-eabi/10.3.1/../../../../arm-none-eabi/lib/thumb/v7-m/nofp\libc_nano.a(lib_a-strtol.o)
[...]
Memory Configuration

Name             Origin             Length             Attributes
RAM              0x0000000020000000 0x0000000000005000 xrw
FLASH            0x0000000008000000 0x0000000000010000 xr
*default*        0x0000000000000000 0xffffffffffffffff

Linker script and memory map

LOAD c:/program files/stm32cubeide_1.12.0/stm32cubeide/plugins/com.st.stm32cube.ide.mcu.externaltools.gnu-tools-for-stm32.10.3-2021.10.win32_1.0.200.202301161003/tools/bin/../lib/gcc/arm-none-eabi/10.3.1/thumb/v7-m/nofp/crti.o
LOAD c:/program files/stm32cubeide_1.12.0/stm32cubeide/plugins/com.st.stm32cube.ide.mcu.externaltools.gnu-tools-for-stm32.10.3-2021.10.win32_1.0.200.202301161003/tools/bin/../lib/gcc/arm-none-eabi/10.3.1/thumb/v7-m/nofp/crtbegin.o
LOAD c:/program files/stm32cubeide_1.12.0/stm32cubeide/plugins/com.st.stm32cube.ide.mcu.externaltools.gnu-tools-for-stm32.10.3-2021.10.win32_1.0.200.202301161003/tools/bin/../lib/gcc/arm-none-eabi/10.3.1/../../../../arm-none-eabi/lib/thumb/v7-m/nofp/crt0.o
LOAD ./Core/Src/can.o
LOAD ./Core/Src/main.o
LOAD ./Core/Src/stm32f1xx_hal_msp.o
LOAD ./Core/Src/stm32f1xx_it.o
LOAD ./Core/Src/syscalls.o
LOAD ./Core/Src/sysmem.o
LOAD ./Core/Src/system_stm32f1xx.o
LOAD ./Core/Src/ushell.o
LOAD ./Core/Startup/startup_stm32f103c8tx.o
LOAD ./Drivers/STM32F1xx_HAL_Driver/Src/stm32f1xx_hal.o
LOAD ./Drivers/STM32F1xx_HAL_Driver/Src/stm32f1xx_hal_can.o
LOAD ./Drivers/STM32F1xx_HAL_Driver/Src/stm32f1xx_hal_cortex.o
LOAD ./Drivers/STM32F1xx_HAL_Driver/Src/stm32f1xx_hal_dma.o
LOAD ./Drivers/STM32F1xx_HAL_Driver/Src/stm32f1xx_hal_exti.o
LOAD ./Drivers/STM32F1xx_HAL_Driver/Src/stm32f1xx_hal_flash.o
LOAD ./Drivers/STM32F1xx_HAL_Driver/Src/stm32f1xx_hal_flash_ex.o
LOAD ./Drivers/STM32F1xx_HAL_Driver/Src/stm32f1xx_hal_gpio.o
LOAD ./Drivers/STM32F1xx_HAL_Driver/Src/stm32f1xx_hal_gpio_ex.o
LOAD ./Drivers/STM32F1xx_HAL_Driver/Src/stm32f1xx_hal_pwr.o
LOAD ./Drivers/STM32F1xx_HAL_Driver/Src/stm32f1xx_hal_rcc.o
LOAD ./Drivers/STM32F1xx_HAL_Driver/Src/stm32f1xx_hal_rcc_ex.o
LOAD ./Drivers/STM32F1xx_HAL_Driver/Src/stm32f1xx_hal_uart.o
LOAD ./Drivers/STM32F1xx_HAL_Driver/Src/stm32f1xx_ll_gpio.o
LOAD ./Drivers/STM32F1xx_HAL_Driver/Src/stm32f1xx_ll_rcc.o
LOAD ./Drivers/STM32F1xx_HAL_Driver/Src/stm32f1xx_ll_usart.o
LOAD ./Drivers/STM32F1xx_HAL_Driver/Src/stm32f1xx_ll_utils.o
START GROUP
LOAD c:/program files/stm32cubeide_1.12.0/stm32cubeide/plugins/com.st.stm32cube.ide.mcu.externaltools.gnu-tools-for-stm32.10.3-2021.10.win32_1.0.200.202301161003/tools/bin/../lib/gcc/arm-none-eabi/10.3.1/../../../../arm-none-eabi/lib/thumb/v7-m/nofp\libc_nano.a
LOAD c:/program files/stm32cubeide_1.12.0/stm32cubeide/plugins/com.st.stm32cube.ide.mcu.externaltools.gnu-tools-for-stm32.10.3-2021.10.win32_1.0.200.202301161003/tools/bin/../lib/gcc/arm-none-eabi/10.3.1/../../../../arm-none-eabi/lib/thumb/v7-m/nofp\libm.a
END GROUP
START GROUP
LOAD c:/program files/stm32cubeide_1.12.0/stm32cubeide/plugins/com.st.stm32cube.ide.mcu.externaltools.gnu-tools-for-stm32.10.3-2021.10.win32_1.0.200.202301161003/tools/bin/../lib/gcc/arm-none-eabi/10.3.1/thumb/v7-m/nofp\libgcc.a
LOAD c:/program files/stm32cubeide_1.12.0/stm32cubeide/plugins/com.st.stm32cube.ide.mcu.externaltools.gnu-tools-for-stm32.10.3-2021.10.win32_1.0.200.202301161003/tools/bin/../lib/gcc/arm-none-eabi/10.3.1/../../../../arm-none-eabi/lib/thumb/v7-m/nofp\libc_nano.a
END GROUP
START GROUP
LOAD c:/program files/stm32cubeide_1.12.0/stm32cubeide/plugins/com.st.stm32cube.ide.mcu.externaltools.gnu-tools-for-stm32.10.3-2021.10.win32_1.0.200.202301161003/tools/bin/../lib/gcc/arm-none-eabi/10.3.1/thumb/v7-m/nofp\libgcc.a
LOAD c:/program files/stm32cubeide_1.12.0/stm32cubeide/plugins/com.st.stm32cube.ide.mcu.externaltools.gnu-tools-for-stm32.10.3-2021.10.win32_1.0.200.202301161003/tools/bin/../lib/gcc/arm-none-eabi/10.3.1/../../../../arm-none-eabi/lib/thumb/v7-m/nofp\libc_nano.a
LOAD c:/program files/stm32cubeide_1.12.0/stm32cubeide/plugins/com.st.stm32cube.ide.mcu.externaltools.gnu-tools-for-stm32.10.3-2021.10.win32_1.0.200.202301161003/tools/bin/../lib/gcc/arm-none-eabi/10.3.1/../../../../arm-none-eabi/lib/thumb/v7-m/nofp\libnosys.a
END GROUP
START GROUP
LOAD c:/program files/stm32cubeide_1.12.0/stm32cubeide/plugins/com.st.stm32cube.ide.mcu.externaltools.gnu-tools-for-stm32.10.3-2021.10.win32_1.0.200.202301161003/tools/bin/../lib/gcc/arm-none-eabi/10.3.1/thumb/v7-m/nofp\libgcc.a
LOAD c:/program files/stm32cubeide_1.12.0/stm32cubeide/plugins/com.st.stm32cube.ide.mcu.externaltools.gnu-tools-for-stm32.10.3-2021.10.win32_1.0.200.202301161003/tools/bin/../lib/gcc/arm-none-eabi/10.3.1/../../../../arm-none-eabi/lib/thumb/v7-m/nofp\libc_nano.a
LOAD c:/program files/stm32cubeide_1.12.0/stm32cubeide/plugins/com.st.stm32cube.ide.mcu.externaltools.gnu-tools-for-stm32.10.3-2021.10.win32_1.0.200.202301161003/tools/bin/../lib/gcc/arm-none-eabi/10.3.1/../../../../arm-none-eabi/lib/thumb/v7-m/nofp\libnosys.a
END GROUP
LOAD c:/program files/stm32cubeide_1.12.0/stm32cubeide/plugins/com.st.stm32cube.ide.mcu.externaltools.gnu-tools-for-stm32.10.3-2021.10.win32_1.0.200.202301161003/tools/bin/../lib/gcc/arm-none-eabi/10.3.1/thumb/v7-m/nofp/crtend.o
LOAD c:/program files/stm32cubeide_1.12.0/stm32cubeide/plugins/com.st.stm32cube.ide.mcu.externaltools.gnu-tools-for-stm32.10.3-2021.10.win32_1.0.200.202301161003/tools/bin/../lib/gcc/arm-none-eabi/10.3.1/thumb/v7-m/nofp/crtn.o
                0x0000000020005000                _estack = (ORIGIN (RAM) + LENGTH (RAM))
                0x0000000000000200                _Min_Heap_Size = 0x200
                0x0000000000000400                _Min_Stack_Size = 0x400

.isr_vector     0x0000000008000000      0x10c
                0x0000000008000000                . = ALIGN (0x4)
 *(.isr_vector)
 .isr_vector    0x0000000008000000      0x10c ./Core/Startup/startup_stm32f103c8tx.o
                0x0000000008000000                g_pfnVectors
                0x000000000800010c                . = ALIGN (0x4)

.text           0x000000000800010c     0x3940
                0x000000000800010c                . = ALIGN (0x4)
 *(.text)
 .text          0x000000000800010c       0x40 c:/program files/stm32cubeide_1.12.0/stm32cubeide/plugins/com.st.stm32cube.ide.mcu.externaltools.gnu-tools-for-stm32.10.3-2021.10.win32_1.0.200.202301161003/tools/bin/../lib/gcc/arm-none-eabi/10.3.1/thumb/v7-m/nofp/crtbegin.o
 .text          0x000000000800014c       0x10 c:/program files/stm32cubeide_1.12.0/stm32cubeide/plugins/com.st.stm32cube.ide.mcu.externaltools.gnu-tools-for-stm32.10.3-2021.10.win32_1.0.200.202301161003/tools/bin/../lib/gcc/arm-none-eabi/10.3.1/../../../../arm-none-eabi/lib/thumb/v7-m/nofp\libc_nano.a(lib_a-strlen.o)
                0x000000000800014c                strlen
 *(.text*)
 .text.can_init
                0x000000000800015c       0xe0 ./Core/Src/can.o
                0x000000000800015c                can_init
 .text.HAL_CAN_MspInit
                0x000000000800023c       0xb8 ./Core/Src/can.o
                0x000000000800023c                HAL_CAN_MspInit
 .text.HAL_CAN_RxFifo0MsgPendingCallback
                0x00000000080002f4       0x38 ./Core/Src/can.o
                0x00000000080002f4                HAL_CAN_RxFifo0MsgPendingCallback
 .text.can_write
                0x000000000800032c       0x54 ./Core/Src/can.o
 .text.can_write_callback
                0x0000000008000380       0x64 ./Core/Src/can.o
 .text.USB_LP_CAN1_RX0_IRQHandler
                0x00000000080003e4       0x14 ./Core/Src/can.o
                0x00000000080003e4                USB_LP_CAN1_RX0_IRQHandler
 .text.CAN1_RX1_IRQHandler
                0x00000000080003f8       0x14 ./Core/Src/can.o
                0x00000000080003f8                CAN1_RX1_IRQHandler
 .text.USB_HP_CAN1_TX_IRQHandler
                0x000000000800040c       0x14 ./Core/Src/can.o
                0x000000000800040c                USB_HP_CAN1_TX_IRQHandler
 .text.CAN1_SCE_IRQHandler
                0x0000000008000420       0x14 ./Core/Src/can.o
                0x0000000008000420                CAN1_SCE_IRQHandler
 .text.main     0x0000000008000434       0x1e ./Core/Src/main.o
                0x0000000008000434                main
 .text.SystemClock_Config
                0x0000000008000452       0x8a ./Core/Src/main.o
                0x0000000008000452                SystemClock_Config
 .text.MX_GPIO_Init
                0x00000000080004dc       0x44 ./Core/Src/main.o
 .text.Error_Handler
                0x0000000008000520        0xa ./Core/Src/main.o
                0x0000000008000520                Error_Handler
 *fill*         0x000000000800052a        0x2 
 .text.HAL_MspInit
                0x000000000800052c       0x44 ./Core/Src/stm32f1xx_hal_msp.o
                0x000000000800052c                HAL_MspInit
 .text.NMI_Handler
                0x0000000008000570        0x6 ./Core/Src/stm32f1xx_it.o
                0x0000000008000570                NMI_Handler
 .text.HardFault_Handler
                0x0000000008000576        0x6 ./Core/Src/stm32f1xx_it.o
                0x0000000008000576                HardFault_Handler
 .text.MemManage_Handler
                0x000000000800057c        0x6 ./Core/Src/stm32f1xx_it.o
                0x000000000800057c                MemManage_Handler
 .text.BusFault_Handler
                0x0000000008000582        0x6 ./Core/Src/stm32f1xx_it.o
                0x0000000008000582                BusFault_Handler
 .text.UsageFault_Handler
                0x0000000008000588        0x6 ./Core/Src/stm32f1xx_it.o
                0x0000000008000588                UsageFault_Handler
 .text.SVC_Handler
                0x000000000800058e        0xc ./Core/Src/stm32f1xx_it.o
                0x000000000800058e                SVC_Handler
 .text.DebugMon_Handler
                0x000000000800059a        0xc ./Core/Src/stm32f1xx_it.o
                0x000000000800059a                DebugMon_Handler
 .text.PendSV_Handler
                0x00000000080005a6        0xc ./Core/Src/stm32f1xx_it.o
                0x00000000080005a6                PendSV_Handler
 .text.SysTick_Handler
                0x00000000080005b2        0xc ./Core/Src/stm32f1xx_it.o
                0x00000000080005b2                SysTick_Handler
 .text._read    0x00000000080005be       0x3a ./Core/Src/syscalls.o
                0x00000000080005be                _read
 .text._write   0x00000000080005f8       0x38 ./Core/Src/syscalls.o
                0x00000000080005f8                _write
 .text._close   0x0000000008000630       0x16 ./Core/Src/syscalls.o
                0x0000000008000630                _close
 .text._fstat   0x0000000008000646       0x1e ./Core/Src/syscalls.o
                0x0000000008000646                _fstat
 .text._isatty  0x0000000008000664       0x14 ./Core/Src/syscalls.o
                0x0000000008000664                _isatty
 .text._lseek   0x0000000008000678       0x18 ./Core/Src/syscalls.o
                0x0000000008000678                _lseek
 .text._sbrk    0x0000000008000690       0x6c ./Core/Src/sysmem.o
                0x0000000008000690                _sbrk
 .text.SystemInit
                0x00000000080006fc        0xc ./Core/Src/system_stm32f1xx.o
                0x00000000080006fc                SystemInit
 .text.__NVIC_GetPriorityGrouping
                0x0000000008000708       0x1c ./Core/Src/ushell.o
 .text.__NVIC_EnableIRQ
                0x0000000008000724       0x38 ./Core/Src/ushell.o
 .text.__NVIC_DisableIRQ
                0x000000000800075c       0x48 ./Core/Src/ushell.o
 .text.__NVIC_SetPriority
                0x00000000080007a4       0x54 ./Core/Src/ushell.o
 .text.NVIC_EncodePriority
                0x00000000080007f8       0x64 ./Core/Src/ushell.o
 .text.LL_USART_Enable
                0x000000000800085c       0x1e ./Core/Src/ushell.o
 .text.LL_USART_ConfigAsyncMode
                0x000000000800087a       0x2a ./Core/Src/ushell.o
 .text.LL_USART_IsActiveFlag_RXNE
                0x00000000080008a4       0x24 ./Core/Src/ushell.o
 .text.LL_USART_IsActiveFlag_TXE
                0x00000000080008c8       0x24 ./Core/Src/ushell.o
 .text.LL_USART_ClearFlag_RXNE
                0x00000000080008ec       0x1a ./Core/Src/ushell.o
 .text.LL_USART_EnableIT_RXNE
                0x0000000008000906       0x44 ./Core/Src/ushell.o
 .text.LL_USART_ReceiveData8
                0x000000000800094a       0x18 ./Core/Src/ushell.o
 .text.LL_USART_TransmitData8
                0x0000000008000962       0x1c ./Core/Src/ushell.o
 *fill*         0x000000000800097e        0x2 
 .text.LL_APB2_GRP1_EnableClock
                0x0000000008000980       0x30 ./Core/Src/ushell.o
 .text.ushell_init
                0x00000000080009b0       0xd8 ./Core/Src/ushell.o
                0x00000000080009b0                ushell_init
 .text.ushell_write
                0x0000000008000a88       0x4c ./Core/Src/ushell.o
                0x0000000008000a88                ushell_write
 .text.ushell_add_command
                0x0000000008000ad4       0x44 ./Core/Src/ushell.o
                0x0000000008000ad4                ushell_add_command
 .text.parse_command
                0x0000000008000b18       0x94 ./Core/Src/ushell.o
                0x0000000008000b18                parse_command
 .text.parse_alias
                0x0000000008000bac       0xbc ./Core/Src/ushell.o
 .text.ushell_parse_bytes
                0x0000000008000c68       0x96 ./Core/Src/ushell.o
                0x0000000008000c68                ushell_parse_bytes
 .text.ushell_parse_byte
                0x0000000008000cfe       0xa6 ./Core/Src/ushell.o
                0x0000000008000cfe                ushell_parse_byte
 .text.ushell_parse_uint32
                0x0000000008000da4       0xda ./Core/Src/ushell.o
                0x0000000008000da4                ushell_parse_uint32
 *fill*         0x0000000008000e7e        0x2 
 .text.USART1_IRQHandler
                0x0000000008000e80       0x8c ./Core/Src/ushell.o
                0x0000000008000e80                USART1_IRQHandler
 .text.Reset_Handler
                0x0000000008000f0c       0x48 ./Core/Startup/startup_stm32f103c8tx.o
                0x0000000008000f0c                Reset_Handler
 .text.Default_Handler
                0x0000000008000f54        0x2 ./Core/Startup/startup_stm32f103c8tx.o
                0x0000000008000f54                RTC_Alarm_IRQHandler
                0x0000000008000f54                EXTI2_IRQHandler
                0x0000000008000f54                TIM1_CC_IRQHandler
                0x0000000008000f54                PVD_IRQHandler
                0x0000000008000f54                EXTI3_IRQHandler
                0x0000000008000f54                EXTI0_IRQHandler
                0x0000000008000f54                I2C2_EV_IRQHandler
                0x0000000008000f54                ADC1_2_IRQHandler
                0x0000000008000f54                SPI1_IRQHandler
                0x0000000008000f54                TAMPER_IRQHandler
                0x0000000008000f54                DMA1_Channel4_IRQHandler
                0x0000000008000f54                USART3_IRQHandler
                0x0000000008000f54                RTC_IRQHandler
                0x0000000008000f54                DMA1_Channel7_IRQHandler
                0x0000000008000f54                TIM4_IRQHandler
                0x0000000008000f54                I2C1_EV_IRQHandler
                0x0000000008000f54                DMA1_Channel6_IRQHandler
                0x0000000008000f54                TIM3_IRQHandler
                0x0000000008000f54                RCC_IRQHandler
                0x0000000008000f54                TIM1_TRG_COM_IRQHandler
                0x0000000008000f54                DMA1_Channel1_IRQHandler
                0x0000000008000f54                Default_Handler
                0x0000000008000f54                EXTI15_10_IRQHandler
                0x0000000008000f54                EXTI9_5_IRQHandler
                0x0000000008000f54                SPI2_IRQHandler
                0x0000000008000f54                DMA1_Channel5_IRQHandler
                0x0000000008000f54                EXTI4_IRQHandler
                0x0000000008000f54                DMA1_Channel3_IRQHandler
                0x0000000008000f54                TIM1_UP_IRQHandler
                0x0000000008000f54                WWDG_IRQHandler
                0x0000000008000f54                TIM2_IRQHandler
                0x0000000008000f54                TIM1_BRK_IRQHandler
                0x0000000008000f54                EXTI1_IRQHandler
                0x0000000008000f54                USART2_IRQHandler
                0x0000000008000f54                I2C2_ER_IRQHandler
                0x0000000008000f54                DMA1_Channel2_IRQHandler
                0x0000000008000f54                FLASH_IRQHandler
                0x0000000008000f54                I2C1_ER_IRQHandler
                0x0000000008000f54                USBWakeUp_IRQHandler
 *fill*         0x0000000008000f56        0x2 
 .text.HAL_Init
                0x0000000008000f58       0x2c ./Drivers/STM32F1xx_HAL_Driver/Src/stm32f1xx_hal.o
                0x0000000008000f58                HAL_Init
 .text.HAL_InitTick
                0x0000000008000f84       0x60 ./Drivers/STM32F1xx_HAL_Driver/Src/stm32f1xx_hal.o
                0x0000000008000f84                HAL_InitTick
 .text.HAL_IncTick
                0x0000000008000fe4       0x24 ./Drivers/STM32F1xx_HAL_Driver/Src/stm32f1xx_hal.o
                0x0000000008000fe4                HAL_IncTick
 .text.HAL_GetTick
                0x0000000008001008       0x14 ./Drivers/STM32F1xx_HAL_Driver/Src/stm32f1xx_hal.o
                0x0000000008001008                HAL_GetTick
 .text.HAL_CAN_Init
                0x000000000800101c      0x1f6 ./Drivers/STM32F1xx_HAL_Driver/Src/stm32f1xx_hal_can.o
                0x000000000800101c                HAL_CAN_Init
 .text.HAL_CAN_ConfigFilter
                0x0000000008001212      0x192 ./Drivers/STM32F1xx_HAL_Driver/Src/stm32f1xx_hal_can.o
                0x0000000008001212                HAL_CAN_ConfigFilter
 .text.HAL_CAN_Start
                0x00000000080013a4       0x88 ./Drivers/STM32F1xx_HAL_Driver/Src/stm32f1xx_hal_can.o
                0x00000000080013a4                HAL_CAN_Start
 .text.HAL_CAN_AddTxMessage
                0x000000000800142c      0x19e ./Drivers/STM32F1xx_HAL_Driver/Src/stm32f1xx_hal_can.o
                0x000000000800142c                HAL_CAN_AddTxMessage
 .text.HAL_CAN_GetRxMessage
                0x00000000080015ca      0x242 ./Drivers/STM32F1xx_HAL_Driver/Src/stm32f1xx_hal_can.o
                0x00000000080015ca                HAL_CAN_GetRxMessage
 .text.HAL_CAN_ActivateNotification
                0x000000000800180c       0x4a ./Drivers/STM32F1xx_HAL_Driver/Src/stm32f1xx_hal_can.o
                0x000000000800180c                HAL_CAN_ActivateNotification
 .text.HAL_CAN_IRQHandler
                0x0000000008001856      0x36e ./Drivers/STM32F1xx_HAL_Driver/Src/stm32f1xx_hal_can.o
                0x0000000008001856                HAL_CAN_IRQHandler
 .text.HAL_CAN_TxMailbox0CompleteCallback
                0x0000000008001bc4       0x12 ./Drivers/STM32F1xx_HAL_Driver/Src/stm32f1xx_hal_can.o
                0x0000000008001bc4                HAL_CAN_TxMailbox0CompleteCallback
 .text.HAL_CAN_TxMailbox1CompleteCallback
                0x0000000008001bd6       0x12 ./Drivers/STM32F1xx_HAL_Driver/Src/stm32f1xx_hal_can.o
                0x0000000008001bd6                HAL_CAN_TxMailbox1CompleteCallback
 .text.HAL_CAN_TxMailbox2CompleteCallback
                0x0000000008001be8       0x12 ./Drivers/STM32F1xx_HAL_Driver/Src/stm32f1xx_hal_can.o
                0x0000000008001be8                HAL_CAN_TxMailbox2CompleteCallback
 .text.HAL_CAN_TxMailbox0AbortCallback
                0x0000000008001bfa       0x12 ./Drivers/STM32F1xx_HAL_Driver/Src/stm32f1xx_hal_can.o
                0x0000000008001bfa                HAL_CAN_TxMailbox0AbortCallback
 .text.HAL_CAN_TxMailbox1AbortCallback
                0x0000000008001c0c       0x12 ./Drivers/STM32F1xx_HAL_Driver/Src/stm32f1xx_hal_can.o
                0x0000000008001c0c                HAL_CAN_TxMailbox1AbortCallback
 .text.HAL_CAN_TxMailbox2AbortCallback
                0x0000000008001c1e       0x12 ./Drivers/STM32F1xx_HAL_Driver/Src/stm32f1xx_hal_can.o
                0x0000000008001c1e                HAL_CAN_TxMailbox2AbortCallback
 .text.HAL_CAN_RxFifo0FullCallback
                0x0000000008001c30       0x12 ./Drivers/STM32F1xx_HAL_Driver/Src/stm32f1xx_hal_can.o
                0x0000000008001c30                HAL_CAN_RxFifo0FullCallback
 .text.HAL_CAN_RxFifo1MsgPendingCallback
                0x0000000008001c42       0x12 ./Drivers/STM32F1xx_HAL_Driver/Src/stm32f1xx_hal_can.o
                0x0000000008001c42                HAL_CAN_RxFifo1MsgPendingCallback
 .text.HAL_CAN_RxFifo1FullCallback
                0x0000000008001c54       0x12 ./Drivers/STM32F1xx_HAL_Driver/Src/stm32f1xx_hal_can.o
                0x0000000008001c54                HAL_CAN_RxFifo1FullCallback
 .text.HAL_CAN_SleepCallback
                0x0000000008001c66       0x12 ./Drivers/STM32F1xx_HAL_Driver/Src/stm32f1xx_hal_can.o
                0x0000000008001c66                HAL_CAN_SleepCallback
 .text.HAL_CAN_WakeUpFromRxMsgCallback
                0x0000000008001c78       0x12 ./Drivers/STM32F1xx_HAL_Driver/Src/stm32f1xx_hal_can.o
                0x0000000008001c78                HAL_CAN_WakeUpFromRxMsgCallback
 .text.HAL_CAN_ErrorCallback
                0x0000000008001c8a       0x12 ./Drivers/STM32F1xx_HAL_Driver/Src/stm32f1xx_hal_can.o
                0x0000000008001c8a                HAL_CAN_ErrorCallback
 .text.__NVIC_SetPriorityGrouping
                0x0000000008001c9c       0x48 ./Drivers/STM32F1xx_HAL_Driver/Src/stm32f1xx_hal_cortex.o
 .text.__NVIC_GetPriorityGrouping
                0x0000000008001ce4       0x1c ./Drivers/STM32F1xx_HAL_Driver/Src/stm32f1xx_hal_cortex.o
 .text.__NVIC_EnableIRQ
                0x0000000008001d00       0x38 ./Drivers/STM32F1xx_HAL_Driver/Src/stm32f1xx_hal_cortex.o
 .text.__NVIC_SetPriority
                0x0000000008001d38       0x54 ./Drivers/STM32F1xx_HAL_Driver/Src/stm32f1xx_hal_cortex.o
 .text.NVIC_EncodePriority
                0x0000000008001d8c       0x64 ./Drivers/STM32F1xx_HAL_Driver/Src/stm32f1xx_hal_cortex.o
 .text.SysTick_Config
                0x0000000008001df0       0x44 ./Drivers/STM32F1xx_HAL_Driver/Src/stm32f1xx_hal_cortex.o
 .text.HAL_NVIC_SetPriorityGrouping
                0x0000000008001e34       0x16 ./Drivers/STM32F1xx_HAL_Driver/Src/stm32f1xx_hal_cortex.o
                0x0000000008001e34                HAL_NVIC_SetPriorityGrouping
 .text.HAL_NVIC_SetPriority
                0x0000000008001e4a       0x38 ./Drivers/STM32F1xx_HAL_Driver/Src/stm32f1xx_hal_cortex.o
                0x0000000008001e4a                HAL_NVIC_SetPriority
 .text.HAL_NVIC_EnableIRQ
                0x0000000008001e82       0x1c ./Drivers/STM32F1xx_HAL_Driver/Src/stm32f1xx_hal_cortex.o
                0x0000000008001e82                HAL_NVIC_EnableIRQ
 .text.HAL_SYSTICK_Config
                0x0000000008001e9e       0x18 ./Drivers/STM32F1xx_HAL_Driver/Src/stm32f1xx_hal_cortex.o
                0x0000000008001e9e                HAL_SYSTICK_Config
 *fill*         0x0000000008001eb6        0x2 
 .text.HAL_GPIO_Init
                0x0000000008001eb8      0x308 ./Drivers/STM32F1xx_HAL_Driver/Src/stm32f1xx_hal_gpio.o
                0x0000000008001eb8                HAL_GPIO_Init
 .text.HAL_RCC_OscConfig
                0x00000000080021c0      0x504 ./Drivers/STM32F1xx_HAL_Driver/Src/stm32f1xx_hal_rcc.o
                0x00000000080021c0                HAL_RCC_OscConfig
 .text.HAL_RCC_ClockConfig
                0x00000000080026c4      0x1d4 ./Drivers/STM32F1xx_HAL_Driver/Src/stm32f1xx_hal_rcc.o
                0x00000000080026c4                HAL_RCC_ClockConfig
 .text.HAL_RCC_GetSysClockFreq
                0x0000000008002898       0xa8 ./Drivers/STM32F1xx_HAL_Driver/Src/stm32f1xx_hal_rcc.o
                0x0000000008002898                HAL_RCC_GetSysClockFreq
 .text.RCC_Delay
                0x0000000008002940       0x3c ./Drivers/STM32F1xx_HAL_Driver/Src/stm32f1xx_hal_rcc.o
 .text.LL_GPIO_SetPinMode
                0x000000000800297c       0x64 ./Drivers/STM32F1xx_HAL_Driver/Src/stm32f1xx_ll_gpio.o
 .text.LL_GPIO_SetPinSpeed
                0x00000000080029e0       0x64 ./Drivers/STM32F1xx_HAL_Driver/Src/stm32f1xx_ll_gpio.o
 .text.LL_GPIO_SetPinOutputType
                0x0000000008002a44       0x64 ./Drivers/STM32F1xx_HAL_Driver/Src/stm32f1xx_ll_gpio.o
 .text.LL_GPIO_SetPinPull
                0x0000000008002aa8       0x44 ./Drivers/STM32F1xx_HAL_Driver/Src/stm32f1xx_ll_gpio.o
 .text.LL_GPIO_Init
                0x0000000008002aec       0xcc ./Drivers/STM32F1xx_HAL_Driver/Src/stm32f1xx_ll_gpio.o
                0x0000000008002aec                LL_GPIO_Init
 .text.LL_RCC_GetSysClkSource
                0x0000000008002bb8       0x18 ./Drivers/STM32F1xx_HAL_Driver/Src/stm32f1xx_ll_rcc.o
 .text.LL_RCC_GetAHBPrescaler
                0x0000000008002bd0       0x18 ./Drivers/STM32F1xx_HAL_Driver/Src/stm32f1xx_ll_rcc.o
 .text.LL_RCC_GetAPB1Prescaler
                0x0000000008002be8       0x18 ./Drivers/STM32F1xx_HAL_Driver/Src/stm32f1xx_ll_rcc.o
 .text.LL_RCC_GetAPB2Prescaler
                0x0000000008002c00       0x18 ./Drivers/STM32F1xx_HAL_Driver/Src/stm32f1xx_ll_rcc.o
 .text.LL_RCC_PLL_GetMainSource
                0x0000000008002c18       0x18 ./Drivers/STM32F1xx_HAL_Driver/Src/stm32f1xx_ll_rcc.o
 .text.LL_RCC_PLL_GetMultiplicator
                0x0000000008002c30       0x18 ./Drivers/STM32F1xx_HAL_Driver/Src/stm32f1xx_ll_rcc.o
 .text.LL_RCC_PLL_GetPrediv
                0x0000000008002c48       0x1c ./Drivers/STM32F1xx_HAL_Driver/Src/stm32f1xx_ll_rcc.o
 .text.LL_RCC_GetSystemClocksFreq
                0x0000000008002c64       0x4a ./Drivers/STM32F1xx_HAL_Driver/Src/stm32f1xx_ll_rcc.o
                0x0000000008002c64                LL_RCC_GetSystemClocksFreq
 *fill*         0x0000000008002cae        0x2 
 .text.RCC_GetSystemClockFreq
                0x0000000008002cb0       0x4c ./Drivers/STM32F1xx_HAL_Driver/Src/stm32f1xx_ll_rcc.o
                0x0000000008002cb0                RCC_GetSystemClockFreq
 .text.RCC_GetHCLKClockFreq
                0x0000000008002cfc       0x2c ./Drivers/STM32F1xx_HAL_Driver/Src/stm32f1xx_ll_rcc.o
                0x0000000008002cfc                RCC_GetHCLKClockFreq
 .text.RCC_GetPCLK1ClockFreq
                0x0000000008002d28       0x28 ./Drivers/STM32F1xx_HAL_Driver/Src/stm32f1xx_ll_rcc.o
                0x0000000008002d28                RCC_GetPCLK1ClockFreq
 .text.RCC_GetPCLK2ClockFreq
                0x0000000008002d50       0x28 ./Drivers/STM32F1xx_HAL_Driver/Src/stm32f1xx_ll_rcc.o
                0x0000000008002d50                RCC_GetPCLK2ClockFreq
 .text.RCC_PLL_GetFreqDomain_SYS
                0x0000000008002d78       0x64 ./Drivers/STM32F1xx_HAL_Driver/Src/stm32f1xx_ll_rcc.o
                0x0000000008002d78                RCC_PLL_GetFreqDomain_SYS
 .text.LL_USART_IsEnabled
                0x0000000008002ddc       0x26 ./Drivers/STM32F1xx_HAL_Driver/Src/stm32f1xx_ll_usart.o
 .text.LL_USART_SetStopBitsLength
                0x0000000008002e02       0x24 ./Drivers/STM32F1xx_HAL_Driver/Src/stm32f1xx_ll_usart.o
 .text.LL_USART_SetHWFlowCtrl
                0x0000000008002e26       0x24 ./Drivers/STM32F1xx_HAL_Driver/Src/stm32f1xx_ll_usart.o
 *fill*         0x0000000008002e4a        0x2 
 .text.LL_USART_SetBaudRate
                0x0000000008002e4c       0xbc ./Drivers/STM32F1xx_HAL_Driver/Src/stm32f1xx_ll_usart.o
 .text.LL_USART_Init
                0x0000000008002f08       0xc0 ./Drivers/STM32F1xx_HAL_Driver/Src/stm32f1xx_ll_usart.o
                0x0000000008002f08                LL_USART_Init
 .text.__errno  0x0000000008002fc8        0xc c:/program files/stm32cubeide_1.12.0/stm32cubeide/plugins/com.st.stm32cube.ide.mcu.externaltools.gnu-tools-for-stm32.10.3-2021.10.win32_1.0.200.202301161003/tools/bin/../lib/gcc/arm-none-eabi/10.3.1/../../../../arm-none-eabi/lib/thumb/v7-m/nofp\libc_nano.a(lib_a-errno.o)
                0x0000000008002fc8                __errno
 .text.__libc_init_array
                0x0000000008002fd4       0x48 c:/program files/stm32cubeide_1.12.0/stm32cubeide/plugins/com.st.stm32cube.ide.mcu.externaltools.gnu-tools-for-stm32.10.3-2021.10.win32_1.0.200.202301161003/tools/bin/../lib/gcc/arm-none-eabi/10.3.1/../../../../arm-none-eabi/lib/thumb/v7-m/nofp\libc_nano.a(lib_a-init.o)
                0x0000000008002fd4                __libc_init_array
 .text.memset   0x000000000800301c       0x10 c:/program files/stm32cubeide_1.12.0/stm32cubeide/plugins/com.st.stm32cube.ide.mcu.externaltools.gnu-tools-for-stm32.10.3-2021.10.win32_1.0.200.202301161003/tools/bin/../lib/gcc/arm-none-eabi/10.3.1/../../../../arm-none-eabi/lib/thumb/v7-m/nofp\libc_nano.a(lib_a-memset.o)
                0x000000000800301c                memset
 .text._puts_r  0x000000000800302c       0xdc c:/program files/stm32cubeide_1.12.0/stm32cubeide/plugins/com.st.stm32cube.ide.mcu.externaltools.gnu-tools-for-stm32.10.3-2021.10.win32_1.0.200.202301161003/tools/bin/../lib/gcc/arm-none-eabi/10.3.1/../../../../arm-none-eabi/lib/thumb/v7-m/nofp\libc_nano.a(lib_a-puts.o)
                0x000000000800302c                _puts_r
 .text.puts     0x0000000008003108       0x10 c:/program files/stm32cubeide_1.12.0/stm32cubeide/plugins/com.st.stm32cube.ide.mcu.externaltools.gnu-tools-for-stm32.10.3-2021.10.win32_1.0.200.202301161003/tools/bin/../lib/gcc/arm-none-eabi/10.3.1/../../../../arm-none-eabi/lib/thumb/v7-m/nofp\libc_nano.a(lib_a-puts.o)
                0x0000000008003108                puts
 .text.strchr   0x0000000008003118       0x1a c:/program files/stm32cubeide_1.12.0/stm32cubeide/plugins/com.st.stm32cube.ide.mcu.externaltools.gnu-tools-for-stm32.10.3-2021.10.win32_1.0.200.202301161003/tools/bin/../lib/gcc/arm-none-eabi/10.3.1/../../../../arm-none-eabi/lib/thumb/v7-m/nofp\libc_nano.a(lib_a-strchr.o)
                0x0000000008003118                strchr
 *fill*         0x0000000008003132        0x2 
 .text.__swbuf_r
                0x0000000008003134       0xa4 c:/program files/stm32cubeide_1.12.0/stm32cubeide/plugins/com.st.stm32cube.ide.mcu.externaltools.gnu-tools-for-stm32.10.3-2021.10.win32_1.0.200.202301161003/tools/bin/../lib/gcc/arm-none-eabi/10.3.1/../../../../arm-none-eabi/lib/thumb/v7-m/nofp\libc_nano.a(lib_a-wbuf.o)
                0x0000000008003134                __swbuf_r
 .text.__swsetup_r
                0x00000000080031d8       0xdc c:/program files/stm32cubeide_1.12.0/stm32cubeide/plugins/com.st.stm32cube.ide.mcu.externaltools.gnu-tools-for-stm32.10.3-2021.10.win32_1.0.200.202301161003/tools/bin/../lib/gcc/arm-none-eabi/10.3.1/../../../../arm-none-eabi/lib/thumb/v7-m/nofp\libc_nano.a(lib_a-wsetup.o)
                0x00000000080031d8                __swsetup_r
 .text.__sflush_r
                0x00000000080032b4      0x104 c:/program files/stm32cubeide_1.12.0/stm32cubeide/plugins/com.st.stm32cube.ide.mcu.externaltools.gnu-tools-for-stm32.10.3-2021.10.win32_1.0.200.202301161003/tools/bin/../lib/gcc/arm-none-eabi/10.3.1/../../../../arm-none-eabi/lib/thumb/v7-m/nofp\libc_nano.a(lib_a-fflush.o)
                0x00000000080032b4                __sflush_r
 .text._fflush_r
                0x00000000080033b8       0x78 c:/program files/stm32cubeide_1.12.0/stm32cubeide/plugins/com.st.stm32cube.ide.mcu.externaltools.gnu-tools-for-stm32.10.3-2021.10.win32_1.0.200.202301161003/tools/bin/../lib/gcc/arm-none-eabi/10.3.1/../../../../arm-none-eabi/lib/thumb/v7-m/nofp\libc_nano.a(lib_a-fflush.o)
                0x00000000080033b8                _fflush_r
 .text.std      0x0000000008003430       0x48 c:/program files/stm32cubeide_1.12.0/stm32cubeide/plugins/com.st.stm32cube.ide.mcu.externaltools.gnu-tools-for-stm32.10.3-2021.10.win32_1.0.200.202301161003/tools/bin/../lib/gcc/arm-none-eabi/10.3.1/../../../../arm-none-eabi/lib/thumb/v7-m/nofp\libc_nano.a(lib_a-findfp.o)
 .text._cleanup_r
                0x0000000008003478        0xc c:/program files/stm32cubeide_1.12.0/stm32cubeide/plugins/com.st.stm32cube.ide.mcu.externaltools.gnu-tools-for-stm32.10.3-2021.10.win32_1.0.200.202301161003/tools/bin/../lib/gcc/arm-none-eabi/10.3.1/../../../../arm-none-eabi/lib/thumb/v7-m/nofp\libc_nano.a(lib_a-findfp.o)
                0x0000000008003478                _cleanup_r
 .text.__sfmoreglue
                0x0000000008003484       0x2c c:/program files/stm32cubeide_1.12.0/stm32cubeide/plugins/com.st.stm32cube.ide.mcu.externaltools.gnu-tools-for-stm32.10.3-2021.10.win32_1.0.200.202301161003/tools/bin/../lib/gcc/arm-none-eabi/10.3.1/../../../../arm-none-eabi/lib/thumb/v7-m/nofp\libc_nano.a(lib_a-findfp.o)
                0x0000000008003484                __sfmoreglue
 .text.__sfp_lock_acquire
                0x00000000080034b0        0xc c:/program files/stm32cubeide_1.12.0/stm32cubeide/plugins/com.st.stm32cube.ide.mcu.externaltools.gnu-tools-for-stm32.10.3-2021.10.win32_1.0.200.202301161003/tools/bin/../lib/gcc/arm-none-eabi/10.3.1/../../../../arm-none-eabi/lib/thumb/v7-m/nofp\libc_nano.a(lib_a-findfp.o)
                0x00000000080034b0                __sfp_lock_acquire
 .text.__sfp_lock_release
                0x00000000080034bc        0xc c:/program files/stm32cubeide_1.12.0/stm32cubeide/plugins/com.st.stm32cube.ide.mcu.externaltools.gnu-tools-for-stm32.10.3-2021.10.win32_1.0.200.202301161003/tools/bin/../lib/gcc/arm-none-eabi/10.3.1/../../../../arm-none-eabi/lib/thumb/v7-m/nofp\libc_nano.a(lib_a-findfp.o)
                0x00000000080034bc                __sfp_lock_release
 .text.__sinit_lock_acquire
                0x00000000080034c8        0xc c:/program files/stm32cubeide_1.12.0/stm32cubeide/plugins/com.st.stm32cube.ide.mcu.externaltools.gnu-tools-for-stm32.10.3-2021.10.win32_1.0.200.202301161003/tools/bin/../lib/gcc/arm-none-eabi/10.3.1/../../../../arm-none-eabi/lib/thumb/v7-m/nofp\libc_nano.a(lib_a-findfp.o)
                0x00000000080034c8                __sinit_lock_acquire
 .text.__sinit_lock_release
                0x00000000080034d4        0xc c:/program files/stm32cubeide_1.12.0/stm32cubeide/plugins/com.st.stm32cube.ide.mcu.externaltools.gnu-tools-for-stm32.10.3-2021.10.win32_1.0.200.202301161003/tools/bin/../lib/gcc/arm-none-eabi/10.3.1/../../../../arm-none-eabi/lib/thumb/v7-m/nofp\libc_nano.a(lib_a-findfp.o)
                0x00000000080034d4                __sinit_lock_release
 .text.__sinit  0x00000000080034e0       0x70 c:/program files/stm32cubeide_1.12.0/stm32cubeide/plugins/com.st.stm32cube.ide.mcu.externaltools.gnu-tools-for-stm32.10.3-2021.10.win32_1.0.200.202301161003/tools/bin/../lib/gcc/arm-none-eabi/10.3.1/../../../../arm-none-eabi/lib/thumb/v7-m/nofp\libc_nano.a(lib_a-findfp.o)
                0x00000000080034e0                __sinit
 .text.__sfp    0x0000000008003550       0x8c c:/program files/stm32cubeide_1.12.0/stm32cubeide/plugins/com.st.stm32cube.ide.mcu.externaltools.gnu-tools-for-stm32.10.3-2021.10.win32_1.0.200.202301161003/tools/bin/../lib/gcc/arm-none-eabi/10.3.1/../../../../arm-none-eabi/lib/thumb/v7-m/nofp\libc_nano.a(lib_a-findfp.o)
                0x0000000008003550                __sfp
 .text._fwalk_reent
                0x00000000080035dc       0x3e c:/program files/stm32cubeide_1.12.0/stm32cubeide/plugins/com.st.stm32cube.ide.mcu.externaltools.gnu-tools-for-stm32.10.3-2021.10.win32_1.0.200.202301161003/tools/bin/../lib/gcc/arm-none-eabi/10.3.1/../../../../arm-none-eabi/lib/thumb/v7-m/nofp\libc_nano.a(lib_a-fwalk.o)
                0x00000000080035dc                _fwalk_reent
 .text.__retarget_lock_init_recursive
                0x000000000800361a        0x2 c:/program files/stm32cubeide_1.12.0/stm32cubeide/plugins/com.st.stm32cube.ide.mcu.externaltools.gnu-tools-for-stm32.10.3-2021.10.win32_1.0.200.202301161003/tools/bin/../lib/gcc/arm-none-eabi/10.3.1/../../../../arm-none-eabi/lib/thumb/v7-m/nofp\libc_nano.a(lib_a-lock.o)
                0x000000000800361a                __retarget_lock_init_recursive
 .text.__retarget_lock_acquire_recursive
                0x000000000800361c        0x2 c:/program files/stm32cubeide_1.12.0/stm32cubeide/plugins/com.st.stm32cube.ide.mcu.externaltools.gnu-tools-for-stm32.10.3-2021.10.win32_1.0.200.202301161003/tools/bin/../lib/gcc/arm-none-eabi/10.3.1/../../../../arm-none-eabi/lib/thumb/v7-m/nofp\libc_nano.a(lib_a-lock.o)
                0x000000000800361c                __retarget_lock_acquire_recursive
 .text.__retarget_lock_release_recursive
                0x000000000800361e        0x2 c:/program files/stm32cubeide_1.12.0/stm32cubeide/plugins/com.st.stm32cube.ide.mcu.externaltools.gnu-tools-for-stm32.10.3-2021.10.win32_1.0.200.202301161003/tools/bin/../lib/gcc/arm-none-eabi/10.3.1/../../../../arm-none-eabi/lib/thumb/v7-m/nofp\libc_nano.a(lib_a-lock.o)
                0x000000000800361e                __retarget_lock_release_recursive
 .text.__swhatbuf_r
                0x0000000008003620       0x4a c:/program files/stm32cubeide_1.12.0/stm32cubeide/plugins/com.st.stm32cube.ide.mcu.externaltools.gnu-tools-for-stm32.10.3-2021.10.win32_1.0.200.202301161003/tools/bin/../lib/gcc/arm-none-eabi/10.3.1/../../../../arm-none-eabi/lib/thumb/v7-m/nofp\libc_nano.a(lib_a-makebuf.o)
                0x0000000008003620                __swhatbuf_r
 *fill*         0x000000000800366a        0x2 
 .text.__smakebuf_r
                0x000000000800366c       0x80 c:/program files/stm32cubeide_1.12.0/stm32cubeide/plugins/com.st.stm32cube.ide.mcu.externaltools.gnu-tools-for-stm32.10.3-2021.10.win32_1.0.200.202301161003/tools/bin/../lib/gcc/arm-none-eabi/10.3.1/../../../../arm-none-eabi/lib/thumb/v7-m/nofp\libc_nano.a(lib_a-makebuf.o)
                0x000000000800366c                __smakebuf_r
 .text._free_r  0x00000000080036ec       0x90 c:/program files/stm32cubeide_1.12.0/stm32cubeide/plugins/com.st.stm32cube.ide.mcu.externaltools.gnu-tools-for-stm32.10.3-2021.10.win32_1.0.200.202301161003/tools/bin/../lib/gcc/arm-none-eabi/10.3.1/../../../../arm-none-eabi/lib/thumb/v7-m/nofp\libc_nano.a(lib_a-nano-freer.o)
                0x00000000080036ec                _free_r
 .text.sbrk_aligned
                0x000000000800377c       0x40 c:/program files/stm32cubeide_1.12.0/stm32cubeide/plugins/com.st.stm32cube.ide.mcu.externaltools.gnu-tools-for-stm32.10.3-2021.10.win32_1.0.200.202301161003/tools/bin/../lib/gcc/arm-none-eabi/10.3.1/../../../../arm-none-eabi/lib/thumb/v7-m/nofp\libc_nano.a(lib_a-nano-mallocr.o)
 .text._malloc_r
                0x00000000080037bc       0xe8 c:/program files/stm32cubeide_1.12.0/stm32cubeide/plugins/com.st.stm32cube.ide.mcu.externaltools.gnu-tools-for-stm32.10.3-2021.10.win32_1.0.200.202301161003/tools/bin/../lib/gcc/arm-none-eabi/10.3.1/../../../../arm-none-eabi/lib/thumb/v7-m/nofp\libc_nano.a(lib_a-nano-mallocr.o)
                0x00000000080037bc                _malloc_r
 .text._sbrk_r  0x00000000080038a4       0x20 c:/program files/stm32cubeide_1.12.0/stm32cubeide/plugins/com.st.stm32cube.ide.mcu.externaltools.gnu-tools-for-stm32.10.3-2021.10.win32_1.0.200.202301161003/tools/bin/../lib/gcc/arm-none-eabi/10.3.1/../../../../arm-none-eabi/lib/thumb/v7-m/nofp\libc_nano.a(lib_a-sbrkr.o)
                0x00000000080038a4                _sbrk_r
 .text.__sread  0x00000000080038c4       0x22 c:/program files/stm32cubeide_1.12.0/stm32cubeide/plugins/com.st.stm32cube.ide.mcu.externaltools.gnu-tools-for-stm32.10.3-2021.10.win32_1.0.200.202301161003/tools/bin/../lib/gcc/arm-none-eabi/10.3.1/../../../../arm-none-eabi/lib/thumb/v7-m/nofp\libc_nano.a(lib_a-stdio.o)
                0x00000000080038c4                __sread
 .text.__swrite
                0x00000000080038e6       0x38 c:/program files/stm32cubeide_1.12.0/stm32cubeide/plugins/com.st.stm32cube.ide.mcu.externaltools.gnu-tools-for-stm32.10.3-2021.10.win32_1.0.200.202301161003/tools/bin/../lib/gcc/arm-none-eabi/10.3.1/../../../../arm-none-eabi/lib/thumb/v7-m/nofp\libc_nano.a(lib_a-stdio.o)
                0x00000000080038e6                __swrite
 .text.__sseek  0x000000000800391e       0x24 c:/program files/stm32cubeide_1.12.0/stm32cubeide/plugins/com.st.stm32cube.ide.mcu.externaltools.gnu-tools-for-stm32.10.3-2021.10.win32_1.0.200.202301161003/tools/bin/../lib/gcc/arm-none-eabi/10.3.1/../../../../arm-none-eabi/lib/thumb/v7-m/nofp\libc_nano.a(lib_a-stdio.o)
                0x000000000800391e                __sseek
 .text.__sclose
                0x0000000008003942        0x8 c:/program files/stm32cubeide_1.12.0/stm32cubeide/plugins/com.st.stm32cube.ide.mcu.externaltools.gnu-tools-for-stm32.10.3-2021.10.win32_1.0.200.202301161003/tools/bin/../lib/gcc/arm-none-eabi/10.3.1/../../../../arm-none-eabi/lib/thumb/v7-m/nofp\libc_nano.a(lib_a-stdio.o)
                0x0000000008003942                __sclose
 *fill*         0x000000000800394a        0x2 
 .text._write_r
                0x000000000800394c       0x24 c:/program files/stm32cubeide_1.12.0/stm32cubeide/plugins/com.st.stm32cube.ide.mcu.externaltools.gnu-tools-for-stm32.10.3-2021.10.win32_1.0.200.202301161003/tools/bin/../lib/gcc/arm-none-eabi/10.3.1/../../../../arm-none-eabi/lib/thumb/v7-m/nofp\libc_nano.a(lib_a-writer.o)
                0x000000000800394c                _write_r
 .text._close_r
                0x0000000008003970       0x20 c:/program files/stm32cubeide_1.12.0/stm32cubeide/plugins/com.st.stm32cube.ide.mcu.externaltools.gnu-tools-for-stm32.10.3-2021.10.win32_1.0.200.202301161003/tools/bin/../lib/gcc/arm-none-eabi/10.3.1/../../../../arm-none-eabi/lib/thumb/v7-m/nofp\libc_nano.a(lib_a-closer.o)
                0x0000000008003970                _close_r
 .text._fstat_r
                0x0000000008003990       0x24 c:/program files/stm32cubeide_1.12.0/stm32cubeide/plugins/com.st.stm32cube.ide.mcu.externaltools.gnu-tools-for-stm32.10.3-2021.10.win32_1.0.200.202301161003/tools/bin/../lib/gcc/arm-none-eabi/10.3.1/../../../../arm-none-eabi/lib/thumb/v7-m/nofp\libc_nano.a(lib_a-fstatr.o)
                0x0000000008003990                _fstat_r
 .text._isatty_r
                0x00000000080039b4       0x20 c:/program files/stm32cubeide_1.12.0/stm32cubeide/plugins/com.st.stm32cube.ide.mcu.externaltools.gnu-tools-for-stm32.10.3-2021.10.win32_1.0.200.202301161003/tools/bin/../lib/gcc/arm-none-eabi/10.3.1/../../../../arm-none-eabi/lib/thumb/v7-m/nofp\libc_nano.a(lib_a-isattyr.o)
                0x00000000080039b4                _isatty_r
 .text._lseek_r
                0x00000000080039d4       0x24 c:/program files/stm32cubeide_1.12.0/stm32cubeide/plugins/com.st.stm32cube.ide.mcu.externaltools.gnu-tools-for-stm32.10.3-2021.10.win32_1.0.200.202301161003/tools/bin/../lib/gcc/arm-none-eabi/10.3.1/../../../../arm-none-eabi/lib/thumb/v7-m/nofp\libc_nano.a(lib_a-lseekr.o)
                0x00000000080039d4                _lseek_r
 .text.__malloc_lock
                0x00000000080039f8        0xc c:/program files/stm32cubeide_1.12.0/stm32cubeide/plugins/com.st.stm32cube.ide.mcu.externaltools.gnu-tools-for-stm32.10.3-2021.10.win32_1.0.200.202301161003/tools/bin/../lib/gcc/arm-none-eabi/10.3.1/../../../../arm-none-eabi/lib/thumb/v7-m/nofp\libc_nano.a(lib_a-mlock.o)
                0x00000000080039f8                __malloc_lock
 .text.__malloc_unlock
                0x0000000008003a04        0xc c:/program files/stm32cubeide_1.12.0/stm32cubeide/plugins/com.st.stm32cube.ide.mcu.externaltools.gnu-tools-for-stm32.10.3-2021.10.win32_1.0.200.202301161003/tools/bin/../lib/gcc/arm-none-eabi/10.3.1/../../../../arm-none-eabi/lib/thumb/v7-m/nofp\libc_nano.a(lib_a-mlock.o)
                0x0000000008003a04                __malloc_unlock
 .text._read_r  0x0000000008003a10       0x24 c:/program files/stm32cubeide_1.12.0/stm32cubeide/plugins/com.st.stm32cube.ide.mcu.externaltools.gnu-tools-for-stm32.10.3-2021.10.win32_1.0.200.202301161003/tools/bin/../lib/gcc/arm-none-eabi/10.3.1/../../../../arm-none-eabi/lib/thumb/v7-m/nofp\libc_nano.a(lib_a-readr.o)
                0x0000000008003a10                _read_r
 *(.glue_7)
 .glue_7        0x0000000008003a34        0x0 linker stubs
 *(.glue_7t)
 .glue_7t       0x0000000008003a34        0x0 linker stubs
 *(.eh_frame)
 .eh_frame      0x0000000008003a34        0x0 c:/program files/stm32cubeide_1.12.0/stm32cubeide/plugins/com.st.stm32cube.ide.mcu.externaltools.gnu-tools-for-stm32.10.3-2021.10.win32_1.0.200.202301161003/tools/bin/../lib/gcc/arm-none-eabi/10.3.1/thumb/v7-m/nofp/crtbegin.o
 *(.init)
 .init          0x0000000008003a34        0x4 c:/program files/stm32cubeide_1.12.0/stm32cubeide/plugins/com.st.stm32cube.ide.mcu.externaltools.gnu-tools-for-stm32.10.3-2021.10.win32_1.0.200.202301161003/tools/bin/../lib/gcc/arm-none-eabi/10.3.1/thumb/v7-m/nofp/crti.o
                0x0000000008003a34                _init
 .init          0x0000000008003a38        0x8 c:/program files/stm32cubeide_1.12.0/stm32cubeide/plugins/com.st.stm32cube.ide.mcu.externaltools.gnu-tools-for-stm32.10.3-2021.10.win32_1.0.200.202301161003/tools/bin/../lib/gcc/arm-none-eabi/10.3.1/thumb/v7-m/nofp/crtn.o
 *(.fini)
 .fini          0x0000000008003a40        0x4 c:/program files/stm32cubeide_1.12.0/stm32cubeide/plugins/com.st.stm32cube.ide.mcu.externaltools.gnu-tools-for-stm32.10.3-2021.10.win32_1.0.200.202301161003/tools/bin/../lib/gcc/arm-none-eabi/10.3.1/thumb/v7-m/nofp/crti.o
                0x0000000008003a40                _fini
 .fini          0x0000000008003a44        0x8 c:/program files/stm32cubeide_1.12.0/stm32cubeide/plugins/com.st.stm32cube.ide.mcu.externaltools.gnu-tools-for-stm32.10.3-2021.10.win32_1.0.200.202301161003/tools/bin/../lib/gcc/arm-none-eabi/10.3.1/thumb/v7-m/nofp/crtn.o
                0x0000000008003a4c                . = ALIGN (0x4)
                0x0000000008003a4c                _etext = .

.vfp11_veneer   0x0000000008003a4c        0x0
 .vfp11_veneer  0x0000000008003a4c        0x0 linker stubs

.v4_bx          0x0000000008003a4c        0x0
 .v4_bx         0x0000000008003a4c        0x0 linker stubs

.iplt           0x0000000008003a4c        0x0
 .iplt          0x0000000008003a4c        0x0 c:/program files/stm32cubeide_1.12.0/stm32cubeide/plugins/com.st.stm32cube.ide.mcu.externaltools.gnu-tools-for-stm32.10.3-2021.10.win32_1.0.200.202301161003/tools/bin/../lib/gcc/arm-none-eabi/10.3.1/thumb/v7-m/nofp/crtbegin.o

.rodata         0x0000000008003a4c       0xf0
                0x0000000008003a4c                . = ALIGN (0x4)
 *(.rodata)
 .rodata        0x0000000008003a4c        0xd ./Core/Src/can.o
 *fill*         0x0000000008003a59        0x3 
 .rodata        0x0000000008003a5c       0x4d ./Core/Src/ushell.o
 *(.rodata*)
 *fill*         0x0000000008003aa9        0x3 
 .rodata.AHBPrescTable
                0x0000000008003aac       0x10 ./Core/Src/system_stm32f1xx.o
                0x0000000008003aac                AHBPrescTable
 .rodata.APBPrescTable
                0x0000000008003abc        0x8 ./Core/Src/system_stm32f1xx.o
                0x0000000008003abc                APBPrescTable
 .rodata.aPLLMULFactorTable.1
                0x0000000008003ac4       0x10 ./Drivers/STM32F1xx_HAL_Driver/Src/stm32f1xx_hal_rcc.o
 .rodata.aPredivFactorTable.0
                0x0000000008003ad4        0x2 ./Drivers/STM32F1xx_HAL_Driver/Src/stm32f1xx_hal_rcc.o
 *fill*         0x0000000008003ad6        0x2 
 .rodata._global_impure_ptr
                0x0000000008003ad8        0x4 c:/program files/stm32cubeide_1.12.0/stm32cubeide/plugins/com.st.stm32cube.ide.mcu.externaltools.gnu-tools-for-stm32.10.3-2021.10.win32_1.0.200.202301161003/tools/bin/../lib/gcc/arm-none-eabi/10.3.1/../../../../arm-none-eabi/lib/thumb/v7-m/nofp\libc_nano.a(lib_a-impure.o)
                0x0000000008003ad8                _global_impure_ptr
 .rodata.__sf_fake_stderr
                0x0000000008003adc       0x20 c:/program files/stm32cubeide_1.12.0/stm32cubeide/plugins/com.st.stm32cube.ide.mcu.externaltools.gnu-tools-for-stm32.10.3-2021.10.win32_1.0.200.202301161003/tools/bin/../lib/gcc/arm-none-eabi/10.3.1/../../../../arm-none-eabi/lib/thumb/v7-m/nofp\libc_nano.a(lib_a-findfp.o)
                0x0000000008003adc                __sf_fake_stderr
 .rodata.__sf_fake_stdin
                0x0000000008003afc       0x20 c:/program files/stm32cubeide_1.12.0/stm32cubeide/plugins/com.st.stm32cube.ide.mcu.externaltools.gnu-tools-for-stm32.10.3-2021.10.win32_1.0.200.202301161003/tools/bin/../lib/gcc/arm-none-eabi/10.3.1/../../../../arm-none-eabi/lib/thumb/v7-m/nofp\libc_nano.a(lib_a-findfp.o)
                0x0000000008003afc                __sf_fake_stdin
 .rodata.__sf_fake_stdout
                0x0000000008003b1c       0x20 c:/program files/stm32cubeide_1.12.0/stm32cubeide/plugins/com.st.stm32cube.ide.mcu.externaltools.gnu-tools-for-stm32.10.3-2021.10.win32_1.0.200.202301161003/tools/bin/../lib/gcc/arm-none-eabi/10.3.1/../../../../arm-none-eabi/lib/thumb/v7-m/nofp\libc_nano.a(lib_a-findfp.o)
                0x0000000008003b1c                __sf_fake_stdout
                0x0000000008003b3c                . = ALIGN (0x4)

.rel.dyn        0x0000000008003b3c        0x0
 .rel.iplt      0x0000000008003b3c        0x0 c:/program files/stm32cubeide_1.12.0/stm32cubeide/plugins/com.st.stm32cube.ide.mcu.externaltools.gnu-tools-for-stm32.10.3-2021.10.win32_1.0.200.202301161003/tools/bin/../lib/gcc/arm-none-eabi/10.3.1/thumb/v7-m/nofp/crtbegin.o

.ARM.extab      0x0000000008003b3c        0x0
                0x0000000008003b3c                . = ALIGN (0x4)
 *(.ARM.extab* .gnu.linkonce.armextab.*)
                0x0000000008003b3c                . = ALIGN (0x4)

.ARM            0x0000000008003b3c        0x0
                0x0000000008003b3c                . = ALIGN (0x4)
                0x0000000008003b3c                __exidx_start = .
 *(.ARM.exidx*)
                0x0000000008003b3c                __exidx_end = .
                0x0000000008003b3c                . = ALIGN (0x4)

.preinit_array  0x0000000008003b3c        0x0
                0x0000000008003b3c                . = ALIGN (0x4)
                0x0000000008003b3c                PROVIDE (__preinit_array_start = .)
 *(.preinit_array*)
                0x0000000008003b3c                PROVIDE (__preinit_array_end = .)
                0x0000000008003b3c                . = ALIGN (0x4)

.init_array     0x0000000008003b3c        0x4
                0x0000000008003b3c                . = ALIGN (0x4)
                0x0000000008003b3c                PROVIDE (__init_array_start = .)
 *(SORT_BY_NAME(.init_array.*))
 *(.init_array*)
 .init_array    0x0000000008003b3c        0x4 c:/program files/stm32cubeide_1.12.0/stm32cubeide/plugins/com.st.stm32cube.ide.mcu.externaltools.gnu-tools-for-stm32.10.3-2021.10.win32_1.0.200.202301161003/tools/bin/../lib/gcc/arm-none-eabi/10.3.1/thumb/v7-m/nofp/crtbegin.o
                0x0000000008003b40                PROVIDE (__init_array_end = .)
                0x0000000008003b40                . = ALIGN (0x4)

.fini_array     0x0000000008003b40        0x4
                0x0000000008003b40                . = ALIGN (0x4)
                [!provide]                        PROVIDE (__fini_array_start = .)
 *(SORT_BY_NAME(.fini_array.*))
 *(.fini_array*)
 .fini_array    0x0000000008003b40        0x4 c:/program files/stm32cubeide_1.12.0/stm32cubeide/plugins/com.st.stm32cube.ide.mcu.externaltools.gnu-tools-for-stm32.10.3-2021.10.win32_1.0.200.202301161003/tools/bin/../lib/gcc/arm-none-eabi/10.3.1/thumb/v7-m/nofp/crtbegin.o
                [!provide]                        PROVIDE (__fini_array_end = .)
                0x0000000008003b44                . = ALIGN (0x4)
                0x0000000008003b44                _sidata = LOADADDR (.data)

.data           0x0000000020000000       0x88 load address 0x0000000008003b44
                0x0000000020000000                . = ALIGN (0x4)
                0x0000000020000000                _sdata = .
 *(.data)
 *(.data*)
 .data.can_command
                0x0000000020000000       0x18 ./Core/Src/can.o
 .data.SystemCoreClock
                0x0000000020000018        0x4 ./Core/Src/system_stm32f1xx.o
                0x0000000020000018                SystemCoreClock
 .data.uwTickPrio
                0x000000002000001c        0x4 ./Drivers/STM32F1xx_HAL_Driver/Src/stm32f1xx_hal.o
                0x000000002000001c                uwTickPrio
 .data.uwTickFreq
                0x0000000020000020        0x1 ./Drivers/STM32F1xx_HAL_Driver/Src/stm32f1xx_hal.o
                0x0000000020000020                uwTickFreq
 *fill*         0x0000000020000021        0x3 
 .data._impure_ptr
                0x0000000020000024        0x4 c:/program files/stm32cubeide_1.12.0/stm32cubeide/plugins/com.st.stm32cube.ide.mcu.externaltools.gnu-tools-for-stm32.10.3-2021.10.win32_1.0.200.202301161003/tools/bin/../lib/gcc/arm-none-eabi/10.3.1/../../../../arm-none-eabi/lib/thumb/v7-m/nofp\libc_nano.a(lib_a-impure.o)
                0x0000000020000024                _impure_ptr
 .data.impure_data
                0x0000000020000028       0x60 c:/program files/stm32cubeide_1.12.0/stm32cubeide/plugins/com.st.stm32cube.ide.mcu.externaltools.gnu-tools-for-stm32.10.3-2021.10.win32_1.0.200.202301161003/tools/bin/../lib/gcc/arm-none-eabi/10.3.1/../../../../arm-none-eabi/lib/thumb/v7-m/nofp\libc_nano.a(lib_a-impure.o)
 *(.RamFunc)
 *(.RamFunc*)
                0x0000000020000088                . = ALIGN (0x4)
                0x0000000020000088                _edata = .

.igot.plt       0x0000000020000088        0x0 load address 0x0000000008003bcc
 .igot.plt      0x0000000020000088        0x0 c:/program files/stm32cubeide_1.12.0/stm32cubeide/plugins/com.st.stm32cube.ide.mcu.externaltools.gnu-tools-for-stm32.10.3-2021.10.win32_1.0.200.202301161003/tools/bin/../lib/gcc/arm-none-eabi/10.3.1/thumb/v7-m/nofp/crtbegin.o
                0x0000000020000088                . = ALIGN (0x4)

.bss            0x0000000020000088      0x1a0 load address 0x0000000008003bcc
                0x0000000020000088                _sbss = .
                0x0000000020000088                __bss_start__ = _sbss
 *(.bss)
 .bss           0x0000000020000088       0x1c c:/program files/stm32cubeide_1.12.0/stm32cubeide/plugins/com.st.stm32cube.ide.mcu.externaltools.gnu-tools-for-stm32.10.3-2021.10.win32_1.0.200.202301161003/tools/bin/../lib/gcc/arm-none-eabi/10.3.1/thumb/v7-m/nofp/crtbegin.o
 *(.bss*)
 .bss.hcan      0x00000000200000a4       0x28 ./Core/Src/can.o
 .bss.TxHeader  0x00000000200000cc       0x18 ./Core/Src/can.o
 .bss.TxMailbox
                0x00000000200000e4        0x4 ./Core/Src/can.o
 .bss.RxHeader  0x00000000200000e8       0x1c ./Core/Src/can.o
                0x00000000200000e8                RxHeader
 .bss.RxData    0x0000000020000104        0xa ./Core/Src/can.o
                0x0000000020000104                RxData
 *fill*         0x000000002000010e        0x2 
 .bss.__sbrk_heap_end
                0x0000000020000110        0x4 ./Core/Src/sysmem.o
 .bss.comm_pool
                0x0000000020000114       0xc8 ./Core/Src/ushell.o
 .bss.comm_cnt  0x00000000200001dc        0x1 ./Core/Src/ushell.o
 *fill*         0x00000000200001dd        0x3 
 .bss.rx_buffer
                0x00000000200001e0       0x32 ./Core/Src/ushell.o
 .bss.rx_buf_count
                0x0000000020000212        0x1 ./Core/Src/ushell.o
 *fill*         0x0000000020000213        0x1 
 .bss.uwTick    0x0000000020000214        0x4 ./Drivers/STM32F1xx_HAL_Driver/Src/stm32f1xx_hal.o
                0x0000000020000214                uwTick
 .bss.__lock___malloc_recursive_mutex
                0x0000000020000218        0x1 c:/program files/stm32cubeide_1.12.0/stm32cubeide/plugins/com.st.stm32cube.ide.mcu.externaltools.gnu-tools-for-stm32.10.3-2021.10.win32_1.0.200.202301161003/tools/bin/../lib/gcc/arm-none-eabi/10.3.1/../../../../arm-none-eabi/lib/thumb/v7-m/nofp\libc_nano.a(lib_a-lock.o)
                0x0000000020000218                __lock___malloc_recursive_mutex
 .bss.__lock___sfp_recursive_mutex
                0x0000000020000219        0x1 c:/program files/stm32cubeide_1.12.0/stm32cubeide/plugins/com.st.stm32cube.ide.mcu.externaltools.gnu-tools-for-stm32.10.3-2021.10.win32_1.0.200.202301161003/tools/bin/../lib/gcc/arm-none-eabi/10.3.1/../../../../arm-none-eabi/lib/thumb/v7-m/nofp\libc_nano.a(lib_a-lock.o)
                0x0000000020000219                __lock___sfp_recursive_mutex
 .bss.__lock___sinit_recursive_mutex
                0x000000002000021a        0x1 c:/program files/stm32cubeide_1.12.0/stm32cubeide/plugins/com.st.stm32cube.ide.mcu.externaltools.gnu-tools-for-stm32.10.3-2021.10.win32_1.0.200.202301161003/tools/bin/../lib/gcc/arm-none-eabi/10.3.1/../../../../arm-none-eabi/lib/thumb/v7-m/nofp\libc_nano.a(lib_a-lock.o)
                0x000000002000021a                __lock___sinit_recursive_mutex
 *fill*         0x000000002000021b        0x1 
 .bss.__malloc_free_list
                0x000000002000021c        0x4 c:/program files/stm32cubeide_1.12.0/stm32cubeide/plugins/com.st.stm32cube.ide.mcu.externaltools.gnu-tools-for-stm32.10.3-2021.10.win32_1.0.200.202301161003/tools/bin/../lib/gcc/arm-none-eabi/10.3.1/../../../../arm-none-eabi/lib/thumb/v7-m/nofp\libc_nano.a(lib_a-nano-mallocr.o)
                0x000000002000021c                __malloc_free_list
 .bss.__malloc_sbrk_start
                0x0000000020000220        0x4 c:/program files/stm32cubeide_1.12.0/stm32cubeide/plugins/com.st.stm32cube.ide.mcu.externaltools.gnu-tools-for-stm32.10.3-2021.10.win32_1.0.200.202301161003/tools/bin/../lib/gcc/arm-none-eabi/10.3.1/../../../../arm-none-eabi/lib/thumb/v7-m/nofp\libc_nano.a(lib_a-nano-mallocr.o)
                0x0000000020000220                __malloc_sbrk_start
 .bss.errno     0x0000000020000224        0x4 c:/program files/stm32cubeide_1.12.0/stm32cubeide/plugins/com.st.stm32cube.ide.mcu.externaltools.gnu-tools-for-stm32.10.3-2021.10.win32_1.0.200.202301161003/tools/bin/../lib/gcc/arm-none-eabi/10.3.1/../../../../arm-none-eabi/lib/thumb/v7-m/nofp\libc_nano.a(lib_a-reent.o)
                0x0000000020000224                errno
 *(COMMON)
                0x0000000020000228                . = ALIGN (0x4)
                0x0000000020000228                _ebss = .
                0x0000000020000228                __bss_end__ = _ebss

._user_heap_stack
                0x0000000020000228      0x600 load address 0x0000000008003bcc
                0x0000000020000228                . = ALIGN (0x8)
                [!provide]                        PROVIDE (end = .)
                0x0000000020000228                PROVIDE (_end = .)
                0x0000000020000428                . = (. + _Min_Heap_Size)
 *fill*         0x0000000020000228      0x200 
                0x0000000020000828                . = (. + _Min_Stack_Size)
 *fill*         0x0000000020000428      0x400 
                0x0000000020000828                . = ALIGN (0x8)

/DISCARD/
 libc.a(*)
 libm.a(*)
 libgcc.a(*)

.ARM.attributes
                0x0000000000000000       0x29
 *(.ARM.attributes)
 .ARM.attributes
                0x0000000000000000       0x1d c:/program files/stm32cubeide_1.12.0/stm32cubeide/plugins/com.st.stm32cube.ide.mcu.externaltools.gnu-tools-for-stm32.10.3-2021.10.win32_1.0.200.202301161003/tools/bin/../lib/gcc/arm-none-eabi/10.3.1/thumb/v7-m/nofp/crti.o
 .ARM.attributes
                0x000000000000001d       0x2d c:/program files/stm32cubeide_1.12.0/stm32cubeide/plugins/com.st.stm32cube.ide.mcu.externaltools.gnu-tools-for-stm32.10.3-2021.10.win32_1.0.200.202301161003/tools/bin/../lib/gcc/arm-none-eabi/10.3.1/thumb/v7-m/nofp/crtbegin.o
 .ARM.attributes
                0x000000000000004a       0x2d ./Core/Src/can.o
 .ARM.attributes
                0x0000000000000077       0x2d ./Core/Src/main.o
 .ARM.attributes
                0x00000000000000a4       0x2d ./Core/Src/stm32f1xx_hal_msp.o
 .ARM.attributes
                0x00000000000000d1       0x2d ./Core/Src/stm32f1xx_it.o
 .ARM.attributes
                0x00000000000000fe       0x2d ./Core/Src/syscalls.o
 .ARM.attributes
                0x000000000000012b       0x2d ./Core/Src/sysmem.o
 .ARM.attributes
                0x0000000000000158       0x2d ./Core/Src/system_stm32f1xx.o
 .ARM.attributes
                0x0000000000000185       0x2d ./Core/Src/ushell.o
 .ARM.attributes
                0x00000000000001b2       0x21 ./Core/Startup/startup_stm32f103c8tx.o
 .ARM.attributes
                0x00000000000001d3       0x2d ./Drivers/STM32F1xx_HAL_Driver/Src/stm32f1xx_hal.o
 .ARM.attributes
                0x0000000000000200       0x2d ./Drivers/STM32F1xx_HAL_Driver/Src/stm32f1xx_hal_can.o
 .ARM.attributes
                0x000000000000022d       0x2d ./Drivers/STM32F1xx_HAL_Driver/Src/stm32f1xx_hal_cortex.o
 .ARM.attributes
                0x000000000000025a       0x2d ./Drivers/STM32F1xx_HAL_Driver/Src/stm32f1xx_hal_gpio.o
 .ARM.attributes
                0x0000000000000287       0x2d ./Drivers/STM32F1xx_HAL_Driver/Src/stm32f1xx_hal_rcc.o
 .ARM.attributes
                0x00000000000002b4       0x2d ./Drivers/STM32F1xx_HAL_Driver/Src/stm32f1xx_ll_gpio.o
 .ARM.attributes
                0x00000000000002e1       0x2d ./Drivers/STM32F1xx_HAL_Driver/Src/stm32f1xx_ll_rcc.o
 .ARM.attributes
                0x000000000000030e       0x2d ./Drivers/STM32F1xx_HAL_Driver/Src/stm32f1xx_ll_usart.o
 .ARM.attributes
                0x000000000000033b       0x2d c:/program files/stm32cubeide_1.12.0/stm32cubeide/plugins/com.st.stm32cube.ide.mcu.externaltools.gnu-tools-for-stm32.10.3-2021.10.win32_1.0.200.202301161003/tools/bin/../lib/gcc/arm-none-eabi/10.3.1/../../../../arm-none-eabi/lib/thumb/v7-m/nofp\libc_nano.a(lib_a-errno.o)
 .ARM.attributes
                0x0000000000000368       0x2d c:/program files/stm32cubeide_1.12.0/stm32cubeide/plugins/com.st.stm32cube.ide.mcu.externaltools.gnu-tools-for-stm32.10.3-2021.10.win32_1.0.200.202301161003/tools/bin/../lib/gcc/arm-none-eabi/10.3.1/../../../../arm-none-eabi/lib/thumb/v7-m/nofp\libc_nano.a(lib_a-impure.o)
 .ARM.attributes
                0x0000000000000395       0x2d c:/program files/stm32cubeide_1.12.0/stm32cubeide/plugins/com.st.stm32cube.ide.mcu.externaltools.gnu-tools-for-stm32.10.3-2021.10.win32_1.0.200.202301161003/tools/bin/../lib/gcc/arm-none-eabi/10.3.1/../../../../arm-none-eabi/lib/thumb/v7-m/nofp\libc_nano.a(lib_a-init.o)
 .ARM.attributes
                0x00000000000003c2       0x2d c:/program files/stm32cubeide_1.12.0/stm32cubeide/plugins/com.st.stm32cube.ide.mcu.externaltools.gnu-tools-for-stm32.10.3-2021.10.win32_1.0.200.202301161003/tools/bin/../lib/gcc/arm-none-eabi/10.3.1/../../../../arm-none-eabi/lib/thumb/v7-m/nofp\libc_nano.a(lib_a-memset.o)
 .ARM.attributes
                0x00000000000003ef       0x2d c:/program files/stm32cubeide_1.12.0/stm32cubeide/plugins/com.st.stm32cube.ide.mcu.externaltools.gnu-tools-for-stm32.10.3-2021.10.win32_1.0.200.202301161003/tools/bin/../lib/gcc/arm-none-eabi/10.3.1/../../../../arm-none-eabi/lib/thumb/v7-m/nofp\libc_nano.a(lib_a-puts.o)
 .ARM.attributes
                0x000000000000041c       0x2d c:/program files/stm32cubeide_1.12.0/stm32cubeide/plugins/com.st.stm32cube.ide.mcu.externaltools.gnu-tools-for-stm32.10.3-2021.10.win32_1.0.200.202301161003/tools/bin/../lib/gcc/arm-none-eabi/10.3.1/../../../../arm-none-eabi/lib/thumb/v7-m/nofp\libc_nano.a(lib_a-strchr.o)
 .ARM.attributes
                0x0000000000000449       0x17 c:/program files/stm32cubeide_1.12.0/stm32cubeide/plugins/com.st.stm32cube.ide.mcu.externaltools.gnu-tools-for-stm32.10.3-2021.10.win32_1.0.200.202301161003/tools/bin/../lib/gcc/arm-none-eabi/10.3.1/../../../../arm-none-eabi/lib/thumb/v7-m/nofp\libc_nano.a(lib_a-strlen.o)
 .ARM.attributes
                0x0000000000000460       0x2d c:/program files/stm32cubeide_1.12.0/stm32cubeide/plugins/com.st.stm32cube.ide.mcu.externaltools.gnu-tools-for-stm32.10.3-2021.10.win32_1.0.200.202301161003/tools/bin/../lib/gcc/arm-none-eabi/10.3.1/../../../../arm-none-eabi/lib/thumb/v7-m/nofp\libc_nano.a(lib_a-wbuf.o)
 .ARM.attributes
                0x000000000000048d       0x2d c:/program files/stm32cubeide_1.12.0/stm32cubeide/plugins/com.st.stm32cube.ide.mcu.externaltools.gnu-tools-for-stm32.10.3-2021.10.win32_1.0.200.202301161003/tools/bin/../lib/gcc/arm-none-eabi/10.3.1/../../../../arm-none-eabi/lib/thumb/v7-m/nofp\libc_nano.a(lib_a-wsetup.o)
 .ARM.attributes
                0x00000000000004ba       0x2d c:/program files/stm32cubeide_1.12.0/stm32cubeide/plugins/com.st.stm32cube.ide.mcu.externaltools.gnu-tools-for-stm32.10.3-2021.10.win32_1.0.200.202301161003/tools/bin/../lib/gcc/arm-none-eabi/10.3.1/../../../../arm-none-eabi/lib/thumb/v7-m/nofp\libc_nano.a(lib_a-fflush.o)
 .ARM.attributes
                0x00000000000004e7       0x2d c:/program files/stm32cubeide_1.12.0/stm32cubeide/plugins/com.st.stm32cube.ide.mcu.externaltools.gnu-tools-for-stm32.10.3-2021.10.win32_1.0.200.202301161003/tools/bin/../lib/gcc/arm-none-eabi/10.3.1/../../../../arm-none-eabi/lib/thumb/v7-m/nofp\libc_nano.a(lib_a-findfp.o)
 .ARM.attributes
                0x0000000000000514       0x2d c:/program files/stm32cubeide_1.12.0/stm32cubeide/plugins/com.st.stm32cube.ide.mcu.externaltools.gnu-tools-for-stm32.10.3-2021.10.win32_1.0.200.202301161003/tools/bin/../lib/gcc/arm-none-eabi/10.3.1/../../../../arm-none-eabi/lib/thumb/v7-m/nofp\libc_nano.a(lib_a-fwalk.o)
 .ARM.attributes
                0x0000000000000541       0x2d c:/program files/stm32cubeide_1.12.0/stm32cubeide/plugins/com.st.stm32cube.ide.mcu.externaltools.gnu-tools-for-stm32.10.3-2021.10.win32_1.0.200.202301161003/tools/bin/../lib/gcc/arm-none-eabi/10.3.1/../../../../arm-none-eabi/lib/thumb/v7-m/nofp\libc_nano.a(lib_a-lock.o)
 .ARM.attributes
                0x000000000000056e       0x2d c:/program files/stm32cubeide_1.12.0/stm32cubeide/plugins/com.st.stm32cube.ide.mcu.externaltools.gnu-tools-for-stm32.10.3-2021.10.win32_1.0.200.202301161003/tools/bin/../lib/gcc/arm-none-eabi/10.3.1/../../../../arm-none-eabi/lib/thumb/v7-m/nofp\libc_nano.a(lib_a-makebuf.o)
 .ARM.attributes
                0x000000000000059b       0x2d c:/program files/stm32cubeide_1.12.0/stm32cubeide/plugins/com.st.stm32cube.ide.mcu.externaltools.gnu-tools-for-stm32.10.3-2021.10.win32_1.0.200.202301161003/tools/bin/../lib/gcc/arm-none-eabi/10.3.1/../../../../arm-none-eabi/lib/thumb/v7-m/nofp\libc_nano.a(lib_a-nano-freer.o)
 .ARM.attributes
                0x00000000000005c8       0x2d c:/program files/stm32cubeide_1.12.0/stm32cubeide/plugins/com.st.stm32cube.ide.mcu.externaltools.gnu-tools-for-stm32.10.3-2021.10.win32_1.0.200.202301161003/tools/bin/../lib/gcc/arm-none-eabi/10.3.1/../../../../arm-none-eabi/lib/thumb/v7-m/nofp\libc_nano.a(lib_a-nano-mallocr.o)
 .ARM.attributes
                0x00000000000005f5       0x2d c:/program files/stm32cubeide_1.12.0/stm32cubeide/plugins/com.st.stm32cube.ide.mcu.externaltools.gnu-tools-for-stm32.10.3-2021.10.win32_1.0.200.202301161003/tools/bin/../lib/gcc/arm-none-eabi/10.3.1/../../../../arm-none-eabi/lib/thumb/v7-m/nofp\libc_nano.a(lib_a-sbrkr.o)
 .ARM.attributes
                0x0000000000000622       0x2d c:/program files/stm32cubeide_1.12.0/stm32cubeide/plugins/com.st.stm32cube.ide.mcu.externaltools.gnu-tools-for-stm32.10.3-2021.10.win32_1.0.200.202301161003/tools/bin/../lib/gcc/arm-none-eabi/10.3.1/../../../../arm-none-eabi/lib/thumb/v7-m/nofp\libc_nano.a(lib_a-stdio.o)
 .ARM.attributes
                0x000000000000064f       0x2d c:/program files/stm32cubeide_1.12.0/stm32cubeide/plugins/com.st.stm32cube.ide.mcu.externaltools.gnu-tools-for-stm32.10.3-2021.10.win32_1.0.200.202301161003/tools/bin/../lib/gcc/arm-none-eabi/10.3.1/../../../../arm-none-eabi/lib/thumb/v7-m/nofp\libc_nano.a(lib_a-writer.o)
 .ARM.attributes
                0x000000000000067c       0x2d c:/program files/stm32cubeide_1.12.0/stm32cubeide/plugins/com.st.stm32cube.ide.mcu.externaltools.gnu-tools-for-stm32.10.3-2021.10.win32_1.0.200.202301161003/tools/bin/../lib/gcc/arm-none-eabi/10.3.1/../../../../arm-none-eabi/lib/thumb/v7-m/nofp\libc_nano.a(lib_a-closer.o)
 .ARM.attributes
                0x00000000000006a9       0x2d c:/program files/stm32cubeide_1.12.0/stm32cubeide/plugins/com.st.stm32cube.ide.mcu.externaltools.gnu-tools-for-stm32.10.3-2021.10.win32_1.0.200.202301161003/tools/bin/../lib/gcc/arm-none-eabi/10.3.1/../../../../arm-none-eabi/lib/thumb/v7-m/nofp\libc_nano.a(lib_a-fstatr.o)
 .ARM.attributes
                0x00000000000006d6       0x2d c:/program files/stm32cubeide_1.12.0/stm32cubeide/plugins/com.st.stm32cube.ide.mcu.externaltools.gnu-tools-for-stm32.10.3-2021.10.win32_1.0.200.202301161003/tools/bin/../lib/gcc/arm-none-eabi/10.3.1/../../../../arm-none-eabi/lib/thumb/v7-m/nofp\libc_nano.a(lib_a-isattyr.o)
 .ARM.attributes
                0x0000000000000703       0x2d c:/program files/stm32cubeide_1.12.0/stm32cubeide/plugins/com.st.stm32cube.ide.mcu.externaltools.gnu-tools-for-stm32.10.3-2021.10.win32_1.0.200.202301161003/tools/bin/../lib/gcc/arm-none-eabi/10.3.1/../../../../arm-none-eabi/lib/thumb/v7-m/nofp\libc_nano.a(lib_a-lseekr.o)
 .ARM.attributes
                0x0000000000000730       0x2d c:/program files/stm32cubeide_1.12.0/stm32cubeide/plugins/com.st.stm32cube.ide.mcu.externaltools.gnu-tools-for-stm32.10.3-2021.10.win32_1.0.200.202301161003/tools/bin/../lib/gcc/arm-none-eabi/10.3.1/../../../../arm-none-eabi/lib/thumb/v7-m/nofp\libc_nano.a(lib_a-mlock.o)
 .ARM.attributes
                0x000000000000075d       0x2d c:/program files/stm32cubeide_1.12.0/stm32cubeide/plugins/com.st.stm32cube.ide.mcu.externaltools.gnu-tools-for-stm32.10.3-2021.10.win32_1.0.200.202301161003/tools/bin/../lib/gcc/arm-none-eabi/10.3.1/../../../../arm-none-eabi/lib/thumb/v7-m/nofp\libc_nano.a(lib_a-readr.o)
 .ARM.attributes
                0x000000000000078a       0x2d c:/program files/stm32cubeide_1.12.0/stm32cubeide/plugins/com.st.stm32cube.ide.mcu.externaltools.gnu-tools-for-stm32.10.3-2021.10.win32_1.0.200.202301161003/tools/bin/../lib/gcc/arm-none-eabi/10.3.1/../../../../arm-none-eabi/lib/thumb/v7-m/nofp\libc_nano.a(lib_a-reent.o)
 .ARM.attributes
                0x00000000000007b7       0x1d c:/program files/stm32cubeide_1.12.0/stm32cubeide/plugins/com.st.stm32cube.ide.mcu.externaltools.gnu-tools-for-stm32.10.3-2021.10.win32_1.0.200.202301161003/tools/bin/../lib/gcc/arm-none-eabi/10.3.1/thumb/v7-m/nofp/crtn.o
OUTPUT(can_uart_f103.elf elf32-littlearm)
LOAD linker stubs
LOAD c:/program files/stm32cubeide_1.12.0/stm32cubeide/plugins/com.st.stm32cube.ide.mcu.externaltools.gnu-tools-for-stm32.10.3-2021.10.win32_1.0.200.202301161003/tools/bin/../lib/gcc/arm-none-eabi/10.3.1/../../../../arm-none-eabi/lib/thumb/v7-m/nofp\libc.a
LOAD c:/program files/stm32cubeide_1.12.0/stm32cubeide/plugins/com.st.stm32cube.ide.mcu.externaltools.gnu-tools-for-stm32.10.3-2021.10.win32_1.0.200.202301161003/tools/bin/../lib/gcc/arm-none-eabi/10.3.1/../../../../arm-none-eabi/lib/thumb/v7-m/nofp\libm.a
LOAD c:/program files/stm32cubeide_1.12.0/stm32cubeide/plugins/com.st.stm32cube.ide.mcu.externaltools.gnu-tools-for-stm32.10.3-2021.10.win32_1.0.200.202301161003/tools/bin/../lib/gcc/arm-none-eabi/10.3.1/thumb/v7-m/nofp\libgcc.a

.debug_info     0x0000000000000000     0x7d75
 .debug_info    0x0000000000000000      0xe62 ./Core/Src/can.o
 .debug_info    0x0000000000000e62      0x3cd ./Core/Src/main.o
 .debug_info    0x000000000000122f      0xb04 ./Core/Src/stm32f1xx_hal_msp.o
 .debug_info    0x0000000000001d33      0x122 ./Core/Src/stm32f1xx_it.o
 .debug_info    0x0000000000001e55      0x6e0 ./Core/Src/syscalls.o
 .debug_info    0x0000000000002535      0x171 ./Core/Src/sysmem.o
 .debug_info    0x00000000000026a6      0x23d ./Core/Src/system_stm32f1xx.o
 .debug_info    0x00000000000028e3     0x1208 ./Core/Src/ushell.o
 .debug_info    0x0000000000003aeb       0x22 ./Core/Startup/startup_stm32f103c8tx.o
 .debug_info    0x0000000000003b0d      0x734 ./Drivers/STM32F1xx_HAL_Driver/Src/stm32f1xx_hal.o
 .debug_info    0x0000000000004241      0xfd7 ./Drivers/STM32F1xx_HAL_Driver/Src/stm32f1xx_hal_can.o
 .debug_info    0x0000000000005218      0xb20 ./Drivers/STM32F1xx_HAL_Driver/Src/stm32f1xx_hal_cortex.o
 .debug_info    0x0000000000005d38      0x615 ./Drivers/STM32F1xx_HAL_Driver/Src/stm32f1xx_hal_gpio.o
 .debug_info    0x000000000000634d      0x865 ./Drivers/STM32F1xx_HAL_Driver/Src/stm32f1xx_hal_rcc.o
 .debug_info    0x0000000000006bb2      0x5ff ./Drivers/STM32F1xx_HAL_Driver/Src/stm32f1xx_ll_gpio.o
 .debug_info    0x00000000000071b1      0x5a2 ./Drivers/STM32F1xx_HAL_Driver/Src/stm32f1xx_ll_rcc.o
 .debug_info    0x0000000000007753      0x622 ./Drivers/STM32F1xx_HAL_Driver/Src/stm32f1xx_ll_usart.o

.debug_abbrev   0x0000000000000000     0x1fe7
 .debug_abbrev  0x0000000000000000      0x2db ./Core/Src/can.o
 .debug_abbrev  0x00000000000002db      0x1ee ./Core/Src/main.o
 .debug_abbrev  0x00000000000004c9      0x1dd ./Core/Src/stm32f1xx_hal_msp.o
 .debug_abbrev  0x00000000000006a6       0x74 ./Core/Src/stm32f1xx_it.o
 .debug_abbrev  0x000000000000071a      0x1b3 ./Core/Src/syscalls.o
 .debug_abbrev  0x00000000000008cd       0xbb ./Core/Src/sysmem.o
 .debug_abbrev  0x0000000000000988      0x13b ./Core/Src/system_stm32f1xx.o
 .debug_abbrev  0x0000000000000ac3      0x386 ./Core/Src/ushell.o
 .debug_abbrev  0x0000000000000e49       0x12 ./Core/Startup/startup_stm32f103c8tx.o
 .debug_abbrev  0x0000000000000e5b      0x1fb ./Drivers/STM32F1xx_HAL_Driver/Src/stm32f1xx_hal.o
 .debug_abbrev  0x0000000000001056      0x224 ./Drivers/STM32F1xx_HAL_Driver/Src/stm32f1xx_hal_can.o
 .debug_abbrev  0x000000000000127a      0x2ed ./Drivers/STM32F1xx_HAL_Driver/Src/stm32f1xx_hal_cortex.o
 .debug_abbrev  0x0000000000001567      0x1bb ./Drivers/STM32F1xx_HAL_Driver/Src/stm32f1xx_hal_gpio.o
 .debug_abbrev  0x0000000000001722      0x2a8 ./Drivers/STM32F1xx_HAL_Driver/Src/stm32f1xx_hal_rcc.o
 .debug_abbrev  0x00000000000019ca      0x1fa ./Drivers/STM32F1xx_HAL_Driver/Src/stm32f1xx_ll_gpio.o
 .debug_abbrev  0x0000000000001bc4      0x268 ./Drivers/STM32F1xx_HAL_Driver/Src/stm32f1xx_ll_rcc.o
 .debug_abbrev  0x0000000000001e2c      0x1bb ./Drivers/STM32F1xx_HAL_Driver/Src/stm32f1xx_ll_usart.o

.debug_aranges  0x0000000000000000      0x8f0
 .debug_aranges
                0x0000000000000000       0x68 ./Core/Src/can.o
 .debug_aranges
                0x0000000000000068       0x38 ./Core/Src/main.o
 .debug_aranges
                0x00000000000000a0       0x30 ./Core/Src/stm32f1xx_hal_msp.o
 .debug_aranges
                0x00000000000000d0       0x60 ./Core/Src/stm32f1xx_it.o
 .debug_aranges
                0x0000000000000130       0xa8 ./Core/Src/syscalls.o
 .debug_aranges
                0x00000000000001d8       0x20 ./Core/Src/sysmem.o
 .debug_aranges
                0x00000000000001f8       0x28 ./Core/Src/system_stm32f1xx.o
 .debug_aranges
                0x0000000000000220       0xe8 ./Core/Src/ushell.o
 .debug_aranges
                0x0000000000000308       0x28 ./Core/Startup/startup_stm32f103c8tx.o
 .debug_aranges
                0x0000000000000330       0xe0 ./Drivers/STM32F1xx_HAL_Driver/Src/stm32f1xx_hal.o
 .debug_aranges
                0x0000000000000410      0x138 ./Drivers/STM32F1xx_HAL_Driver/Src/stm32f1xx_hal_can.o
 .debug_aranges
                0x0000000000000548      0x100 ./Drivers/STM32F1xx_HAL_Driver/Src/stm32f1xx_hal_cortex.o
 .debug_aranges
                0x0000000000000648       0x58 ./Drivers/STM32F1xx_HAL_Driver/Src/stm32f1xx_hal_gpio.o
 .debug_aranges
                0x00000000000006a0       0x90 ./Drivers/STM32F1xx_HAL_Driver/Src/stm32f1xx_hal_rcc.o
 .debug_aranges
                0x0000000000000730       0x60 ./Drivers/STM32F1xx_HAL_Driver/Src/stm32f1xx_ll_gpio.o
 .debug_aranges
                0x0000000000000790       0xd8 ./Drivers/STM32F1xx_HAL_Driver/Src/stm32f1xx_ll_rcc.o
 .debug_aranges
                0x0000000000000868       0x88 ./Drivers/STM32F1xx_HAL_Driver/Src/stm32f1xx_ll_usart.o

.debug_ranges   0x0000000000000000      0x7e8
 .debug_ranges  0x0000000000000000       0x58 ./Core/Src/can.o
 .debug_ranges  0x0000000000000058       0x28 ./Core/Src/main.o
 .debug_ranges  0x0000000000000080       0x20 ./Core/Src/stm32f1xx_hal_msp.o
 .debug_ranges  0x00000000000000a0       0x50 ./Core/Src/stm32f1xx_it.o
 .debug_ranges  0x00000000000000f0       0x98 ./Core/Src/syscalls.o
 .debug_ranges  0x0000000000000188       0x10 ./Core/Src/sysmem.o
 .debug_ranges  0x0000000000000198       0x18 ./Core/Src/system_stm32f1xx.o
 .debug_ranges  0x00000000000001b0       0xd8 ./Core/Src/ushell.o
 .debug_ranges  0x0000000000000288       0x20 ./Core/Startup/startup_stm32f103c8tx.o
 .debug_ranges  0x00000000000002a8       0xd0 ./Drivers/STM32F1xx_HAL_Driver/Src/stm32f1xx_hal.o
 .debug_ranges  0x0000000000000378      0x128 ./Drivers/STM32F1xx_HAL_Driver/Src/stm32f1xx_hal_can.o
 .debug_ranges  0x00000000000004a0       0xf0 ./Drivers/STM32F1xx_HAL_Driver/Src/stm32f1xx_hal_cortex.o
 .debug_ranges  0x0000000000000590       0x48 ./Drivers/STM32F1xx_HAL_Driver/Src/stm32f1xx_hal_gpio.o
 .debug_ranges  0x00000000000005d8       0x80 ./Drivers/STM32F1xx_HAL_Driver/Src/stm32f1xx_hal_rcc.o
 .debug_ranges  0x0000000000000658       0x50 ./Drivers/STM32F1xx_HAL_Driver/Src/stm32f1xx_ll_gpio.o
 .debug_ranges  0x00000000000006a8       0xc8 ./Drivers/STM32F1xx_HAL_Driver/Src/stm32f1xx_ll_rcc.o
 .debug_ranges  0x0000000000000770       0x78 ./Drivers/STM32F1xx_HAL_Driver/Src/stm32f1xx_ll_usart.o

.debug_macro    0x0000000000000000    0x19632
 .debug_macro   0x0000000000000000      0x30f ./Core/Src/can.o
 .debug_macro   0x000000000000030f      0xa72 ./Core/Src/can.o
 .debug_macro   0x0000000000000d81       0x16 ./Core/Src/can.o
 .debug_macro   0x0000000000000d97      0x21b ./Core/Src/can.o
 .debug_macro   0x0000000000000fb2       0x2e ./Core/Src/can.o
 .debug_macro   0x0000000000000fe0       0x22 ./Core/Src/can.o
 .debug_macro   0x0000000000001002       0x22 ./Core/Src/can.o
 .debug_macro   0x0000000000001024       0x8e ./Core/Src/can.o
 .debug_macro   0x00000000000010b2       0x51 ./Core/Src/can.o
 .debug_macro   0x0000000000001103      0x103 ./Core/Src/can.o
 .debug_macro   0x0000000000001206       0x6a ./Core/Src/can.o
 .debug_macro   0x0000000000001270      0x1df ./Core/Src/can.o
 .debug_macro   0x000000000000144f       0x1c ./Core/Src/can.o
 .debug_macro   0x000000000000146b       0x22 ./Core/Src/can.o
 .debug_macro   0x000000000000148d       0xbd ./Core/Src/can.o
 .debug_macro   0x000000000000154a      0xd23 ./Core/Src/can.o
 .debug_macro   0x000000000000226d     0xe09e ./Core/Src/can.o
 .debug_macro   0x000000000001030b       0x6d ./Core/Src/can.o
 .debug_macro   0x0000000000010378     0x348d ./Core/Src/can.o
 .debug_macro   0x0000000000013805      0x174 ./Core/Src/can.o
 .debug_macro   0x0000000000013979       0x5c ./Core/Src/can.o
 .debug_macro   0x00000000000139d5      0x5bc ./Core/Src/can.o
 .debug_macro   0x0000000000013f91      0x289 ./Core/Src/can.o
 .debug_macro   0x000000000001421a      0x1cb ./Core/Src/can.o
 .debug_macro   0x00000000000143e5      0x114 ./Core/Src/can.o
 .debug_macro   0x00000000000144f9      0x1b2 ./Core/Src/can.o
 .debug_macro   0x00000000000146ab       0x27 ./Core/Src/can.o
 .debug_macro   0x00000000000146d2      0x136 ./Core/Src/can.o
 .debug_macro   0x0000000000014808      0x1bc ./Core/Src/can.o
 .debug_macro   0x00000000000149c4       0x34 ./Core/Src/can.o
 .debug_macro   0x00000000000149f8       0x3c ./Core/Src/can.o
 .debug_macro   0x0000000000014a34      0x408 ./Core/Src/can.o
 .debug_macro   0x0000000000014e3c       0x57 ./Core/Src/can.o
 .debug_macro   0x0000000000014e93       0x87 ./Core/Src/can.o
 .debug_macro   0x0000000000014f1a      0x240 ./Core/Src/can.o
 .debug_macro   0x000000000001515a      0x140 ./Core/Src/can.o
 .debug_macro   0x000000000001529a      0x28e ./Core/Src/can.o
 .debug_macro   0x0000000000015528       0x83 ./Core/Src/can.o
 .debug_macro   0x00000000000155ab       0x52 ./Core/Src/can.o
 .debug_macro   0x00000000000155fd       0x18 ./Core/Src/can.o
 .debug_macro   0x0000000000015615       0x3c ./Core/Src/can.o
 .debug_macro   0x0000000000015651       0x34 ./Core/Src/can.o
 .debug_macro   0x0000000000015685       0x16 ./Core/Src/can.o
 .debug_macro   0x000000000001569b       0x35 ./Core/Src/can.o
 .debug_macro   0x00000000000156d0      0x341 ./Core/Src/can.o
 .debug_macro   0x0000000000015a11       0x10 ./Core/Src/can.o
 .debug_macro   0x0000000000015a21       0x16 ./Core/Src/can.o
 .debug_macro   0x0000000000015a37       0x43 ./Core/Src/can.o
 .debug_macro   0x0000000000015a7a       0x34 ./Core/Src/can.o
 .debug_macro   0x0000000000015aae       0x10 ./Core/Src/can.o
 .debug_macro   0x0000000000015abe       0x58 ./Core/Src/can.o
 .debug_macro   0x0000000000015b16       0x71 ./Core/Src/can.o
 .debug_macro   0x0000000000015b87       0x1c ./Core/Src/can.o
 .debug_macro   0x0000000000015ba3      0x12a ./Core/Src/can.o
 .debug_macro   0x0000000000015ccd       0x10 ./Core/Src/can.o
 .debug_macro   0x0000000000015cdd       0x1c ./Core/Src/can.o
 .debug_macro   0x0000000000015cf9       0x52 ./Core/Src/can.o
 .debug_macro   0x0000000000015d4b       0x22 ./Core/Src/can.o
 .debug_macro   0x0000000000015d6d       0x10 ./Core/Src/can.o
 .debug_macro   0x0000000000015d7d       0x52 ./Core/Src/can.o
 .debug_macro   0x0000000000015dcf       0xd5 ./Core/Src/can.o
 .debug_macro   0x0000000000015ea4       0x1c ./Core/Src/can.o
 .debug_macro   0x0000000000015ec0       0x3d ./Core/Src/can.o
 .debug_macro   0x0000000000015efd       0x16 ./Core/Src/can.o
 .debug_macro   0x0000000000015f13      0x145 ./Core/Src/can.o
 .debug_macro   0x0000000000016058       0x10 ./Core/Src/can.o
 .debug_macro   0x0000000000016068      0x319 ./Core/Src/main.o
 .debug_macro   0x0000000000016381      0x1a2 ./Core/Src/stm32f1xx_hal_msp.o
 .debug_macro   0x0000000000016523      0x1ac ./Core/Src/stm32f1xx_it.o
 .debug_macro   0x00000000000166cf      0x24c ./Core/Src/syscalls.o
 .debug_macro   0x000000000001691b       0x4c ./Core/Src/syscalls.o
 .debug_macro   0x0000000000016967       0x94 ./Core/Src/syscalls.o
 .debug_macro   0x00000000000169fb       0x57 ./Core/Src/syscalls.o
 .debug_macro   0x0000000000016a52       0x10 ./Core/Src/syscalls.o
 .debug_macro   0x0000000000016a62       0x10 ./Core/Src/syscalls.o
 .debug_macro   0x0000000000016a72       0x10 ./Core/Src/syscalls.o
 .debug_macro   0x0000000000016a82       0x35 ./Core/Src/syscalls.o
 .debug_macro   0x0000000000016ab7      0x12c ./Core/Src/syscalls.o
 .debug_macro   0x0000000000016be3       0x16 ./Core/Src/syscalls.o
 .debug_macro   0x0000000000016bf9       0x16 ./Core/Src/syscalls.o
 .debug_macro   0x0000000000016c0f       0x29 ./Core/Src/syscalls.o
 .debug_macro   0x0000000000016c38       0x10 ./Core/Src/syscalls.o
 .debug_macro   0x0000000000016c48      0x241 ./Core/Src/syscalls.o
 .debug_macro   0x0000000000016e89       0x1c ./Core/Src/syscalls.o
 .debug_macro   0x0000000000016ea5       0x10 ./Core/Src/syscalls.o
 .debug_macro   0x0000000000016eb5      0x189 ./Core/Src/syscalls.o
 .debug_macro   0x000000000001703e       0x16 ./Core/Src/syscalls.o
 .debug_macro   0x0000000000017054       0xce ./Core/Src/syscalls.o
 .debug_macro   0x0000000000017122       0xff ./Core/Src/sysmem.o
 .debug_macro   0x0000000000017221      0x23b ./Core/Src/sysmem.o
 .debug_macro   0x000000000001745c      0x198 ./Core/Src/system_stm32f1xx.o
 .debug_macro   0x00000000000175f4      0x3a0 ./Core/Src/ushell.o
 .debug_macro   0x0000000000017994       0x97 ./Core/Src/ushell.o
 .debug_macro   0x0000000000017a2b       0xfd ./Core/Src/ushell.o
 .debug_macro   0x0000000000017b28       0x16 ./Core/Src/ushell.o
 .debug_macro   0x0000000000017b3e       0x20 ./Core/Src/ushell.o
 .debug_macro   0x0000000000017b5e       0x56 ./Core/Src/ushell.o
 .debug_macro   0x0000000000017bb4      0x1ae ./Core/Src/ushell.o
 .debug_macro   0x0000000000017d62      0x22a ./Core/Src/ushell.o
 .debug_macro   0x0000000000017f8c      0x2be ./Core/Src/ushell.o
 .debug_macro   0x000000000001824a       0xd7 ./Core/Src/ushell.o
 .debug_macro   0x0000000000018321      0x1bc ./Drivers/STM32F1xx_HAL_Driver/Src/stm32f1xx_hal.o
 .debug_macro   0x00000000000184dd      0x1a0 ./Drivers/STM32F1xx_HAL_Driver/Src/stm32f1xx_hal_can.o
 .debug_macro   0x000000000001867d      0x198 ./Drivers/STM32F1xx_HAL_Driver/Src/stm32f1xx_hal_cortex.o
 .debug_macro   0x0000000000018815      0x203 ./Drivers/STM32F1xx_HAL_Driver/Src/stm32f1xx_hal_gpio.o
 .debug_macro   0x0000000000018a18      0x1aa ./Drivers/STM32F1xx_HAL_Driver/Src/stm32f1xx_hal_rcc.o
 .debug_macro   0x0000000000018bc2      0x1d4 ./Drivers/STM32F1xx_HAL_Driver/Src/stm32f1xx_ll_gpio.o
 .debug_macro   0x0000000000018d96      0x224 ./Drivers/STM32F1xx_HAL_Driver/Src/stm32f1xx_ll_gpio.o
 .debug_macro   0x0000000000018fba      0x1b9 ./Drivers/STM32F1xx_HAL_Driver/Src/stm32f1xx_ll_rcc.o
 .debug_macro   0x0000000000019173      0x2b8 ./Drivers/STM32F1xx_HAL_Driver/Src/stm32f1xx_ll_rcc.o
 .debug_macro   0x000000000001942b      0x207 ./Drivers/STM32F1xx_HAL_Driver/Src/stm32f1xx_ll_usart.o

.debug_line     0x0000000000000000     0xa3a1
 .debug_line    0x0000000000000000      0xa21 ./Core/Src/can.o
 .debug_line    0x0000000000000a21      0xa2e ./Core/Src/main.o
 .debug_line    0x000000000000144f      0x709 ./Core/Src/stm32f1xx_hal_msp.o
 .debug_line    0x0000000000001b58      0x792 ./Core/Src/stm32f1xx_it.o
 .debug_line    0x00000000000022ea      0x944 ./Core/Src/syscalls.o
 .debug_line    0x0000000000002c2e      0x63a ./Core/Src/sysmem.o
 .debug_line    0x0000000000003268      0x74e ./Core/Src/system_stm32f1xx.o
 .debug_line    0x00000000000039b6      0xfa3 ./Core/Src/ushell.o
 .debug_line    0x0000000000004959       0x86 ./Core/Startup/startup_stm32f103c8tx.o
 .debug_line    0x00000000000049df      0x97b ./Drivers/STM32F1xx_HAL_Driver/Src/stm32f1xx_hal.o
 .debug_line    0x000000000000535a     0x1122 ./Drivers/STM32F1xx_HAL_Driver/Src/stm32f1xx_hal_can.o
 .debug_line    0x000000000000647c      0xb63 ./Drivers/STM32F1xx_HAL_Driver/Src/stm32f1xx_hal_cortex.o
 .debug_line    0x0000000000006fdf      0xa14 ./Drivers/STM32F1xx_HAL_Driver/Src/stm32f1xx_hal_gpio.o
 .debug_line    0x00000000000079f3      0xd87 ./Drivers/STM32F1xx_HAL_Driver/Src/stm32f1xx_hal_rcc.o
 .debug_line    0x000000000000877a      0x932 ./Drivers/STM32F1xx_HAL_Driver/Src/stm32f1xx_ll_gpio.o
 .debug_line    0x00000000000090ac      0xa44 ./Drivers/STM32F1xx_HAL_Driver/Src/stm32f1xx_ll_rcc.o
 .debug_line    0x0000000000009af0      0x8b1 ./Drivers/STM32F1xx_HAL_Driver/Src/stm32f1xx_ll_usart.o

.debug_str      0x0000000000000000    0x8a0d5
 .debug_str     0x0000000000000000    0x82bd3 ./Core/Src/can.o
                                      0x8308d (size before relaxing)
 .debug_str     0x0000000000082bd3      0x1de ./Core/Src/main.o
                                      0x82892 (size before relaxing)
 .debug_str     0x0000000000082db1      0x3d2 ./Core/Src/stm32f1xx_hal_msp.o
                                      0x7effc (size before relaxing)
 .debug_str     0x0000000000083183       0xc9 ./Core/Src/stm32f1xx_it.o
                                      0x7e977 (size before relaxing)
 .debug_str     0x000000000008324c     0x1756 ./Core/Src/syscalls.o
                                       0x8a43 (size before relaxing)
 .debug_str     0x00000000000849a2       0x6b ./Core/Src/sysmem.o
                                       0x5d7f (size before relaxing)
 .debug_str     0x0000000000084a0d       0x7e ./Core/Src/system_stm32f1xx.o
                                      0x7e98d (size before relaxing)
 .debug_str     0x0000000000084a8b     0x384e ./Core/Src/ushell.o
                                      0x86958 (size before relaxing)
 .debug_str     0x00000000000882d9       0x36 ./Core/Startup/startup_stm32f103c8tx.o
                                         0x6c (size before relaxing)
 .debug_str     0x000000000008830f      0x389 ./Drivers/STM32F1xx_HAL_Driver/Src/stm32f1xx_hal.o
                                      0x7f0c0 (size before relaxing)
 .debug_str     0x0000000000088698      0x3d2 ./Drivers/STM32F1xx_HAL_Driver/Src/stm32f1xx_hal_can.o
                                      0x7f18d (size before relaxing)
 .debug_str     0x0000000000088a6a      0x185 ./Drivers/STM32F1xx_HAL_Driver/Src/stm32f1xx_hal_cortex.o
                                      0x7f00c (size before relaxing)
 .debug_str     0x0000000000088bef      0x346 ./Drivers/STM32F1xx_HAL_Driver/Src/stm32f1xx_hal_gpio.o
                                      0x7ed13 (size before relaxing)
 .debug_str     0x0000000000088f35      0x229 ./Drivers/STM32F1xx_HAL_Driver/Src/stm32f1xx_hal_rcc.o
                                      0x7edbc (size before relaxing)
 .debug_str     0x000000000008915e      0x3cd ./Drivers/STM32F1xx_HAL_Driver/Src/stm32f1xx_ll_gpio.o
                                      0x802b2 (size before relaxing)
 .debug_str     0x000000000008952b      0x3a9 ./Drivers/STM32F1xx_HAL_Driver/Src/stm32f1xx_ll_rcc.o
                                      0x7fe39 (size before relaxing)
 .debug_str     0x00000000000898d4      0x801 ./Drivers/STM32F1xx_HAL_Driver/Src/stm32f1xx_ll_usart.o
                                      0x816aa (size before relaxing)

.comment        0x0000000000000000       0x50
 .comment       0x0000000000000000       0x50 ./Core/Src/can.o
                                         0x51 (size before relaxing)
 .comment       0x0000000000000050       0x51 ./Core/Src/main.o
 .comment       0x0000000000000050       0x51 ./Core/Src/stm32f1xx_hal_msp.o
 .comment       0x0000000000000050       0x51 ./Core/Src/stm32f1xx_it.o
 .comment       0x0000000000000050       0x51 ./Core/Src/syscalls.o
 .comment       0x0000000000000050       0x51 ./Core/Src/sysmem.o
 .comment       0x0000000000000050       0x51 ./Core/Src/system_stm32f1xx.o
 .comment       0x0000000000000050       0x51 ./Core/Src/ushell.o
 .comment       0x0000000000000050       0x51 ./Drivers/STM32F1xx_HAL_Driver/Src/stm32f1xx_hal.o
 .comment       0x0000000000000050       0x51 ./Drivers/STM32F1xx_HAL_Driver/Src/stm32f1xx_hal_can.o
 .comment       0x0000000000000050       0x51 ./Drivers/STM32F1xx_HAL_Driver/Src/stm32f1xx_hal_cortex.o
 .comment       0x0000000000000050       0x51 ./Drivers/STM32F1xx_HAL_Driver/Src/stm32f1xx_hal_gpio.o
 .comment       0x0000000000000050       0x51 ./Drivers/STM32F1xx_HAL_Driver/Src/stm32f1xx_hal_rcc.o
 .comment       0x0000000000000050       0x51 ./Drivers/STM32F1xx_HAL_Driver/Src/stm32f1xx_ll_gpio.o
 .comment       0x0000000000000050       0x51 ./Drivers/STM32F1xx_HAL_Driver/Src/stm32f1xx_ll_rcc.o
 .comment       0x0000000000000050       0x51 ./Drivers/STM32F1xx_HAL_Driver/Src/stm32f1xx_ll_usart.o

.debug_frame    0x0000000000000000     0x28ec
 .debug_frame   0x0000000000000000      0x158 ./Core/Src/can.o
 .debug_frame   0x0000000000000158       0x90 ./Core/Src/main.o
 .debug_frame   0x00000000000001e8       0x80 ./Core/Src/stm32f1xx_hal_msp.o
 .debug_frame   0x0000000000000268      0x104 ./Core/Src/stm32f1xx_it.o
 .debug_frame   0x000000000000036c      0x2ac ./Core/Src/syscalls.o
 .debug_frame   0x0000000000000618       0x34 ./Core/Src/sysmem.o
 .debug_frame   0x000000000000064c       0x58 ./Core/Src/system_stm32f1xx.o
 .debug_frame   0x00000000000006a4      0x3f4 ./Core/Src/ushell.o
 .debug_frame   0x0000000000000a98      0x334 ./Drivers/STM32F1xx_HAL_Driver/Src/stm32f1xx_hal.o
 .debug_frame   0x0000000000000dcc      0x5a0 ./Drivers/STM32F1xx_HAL_Driver/Src/stm32f1xx_hal_can.o
 .debug_frame   0x000000000000136c      0x428 ./Drivers/STM32F1xx_HAL_Driver/Src/stm32f1xx_hal_cortex.o
 .debug_frame   0x0000000000001794      0x14c ./Drivers/STM32F1xx_HAL_Driver/Src/stm32f1xx_hal_gpio.o
 .debug_frame   0x00000000000018e0      0x218 ./Drivers/STM32F1xx_HAL_Driver/Src/stm32f1xx_hal_rcc.o
 .debug_frame   0x0000000000001af8      0x170 ./Drivers/STM32F1xx_HAL_Driver/Src/stm32f1xx_ll_gpio.o
 .debug_frame   0x0000000000001c68      0x34c ./Drivers/STM32F1xx_HAL_Driver/Src/stm32f1xx_ll_rcc.o
 .debug_frame   0x0000000000001fb4      0x234 ./Drivers/STM32F1xx_HAL_Driver/Src/stm32f1xx_ll_usart.o
 .debug_frame   0x00000000000021e8       0x20 c:/program files/stm32cubeide_1.12.0/stm32cubeide/plugins/com.st.stm32cube.ide.mcu.externaltools.gnu-tools-for-stm32.10.3-2021.10.win32_1.0.200.202301161003/tools/bin/../lib/gcc/arm-none-eabi/10.3.1/../../../../arm-none-eabi/lib/thumb/v7-m/nofp\libc_nano.a(lib_a-errno.o)
 .debug_frame   0x0000000000002208       0x2c c:/program files/stm32cubeide_1.12.0/stm32cubeide/plugins/com.st.stm32cube.ide.mcu.externaltools.gnu-tools-for-stm32.10.3-2021.10.win32_1.0.200.202301161003/tools/bin/../lib/gcc/arm-none-eabi/10.3.1/../../../../arm-none-eabi/lib/thumb/v7-m/nofp\libc_nano.a(lib_a-init.o)
 .debug_frame   0x0000000000002234       0x20 c:/program files/stm32cubeide_1.12.0/stm32cubeide/plugins/com.st.stm32cube.ide.mcu.externaltools.gnu-tools-for-stm32.10.3-2021.10.win32_1.0.200.202301161003/tools/bin/../lib/gcc/arm-none-eabi/10.3.1/../../../../arm-none-eabi/lib/thumb/v7-m/nofp\libc_nano.a(lib_a-memset.o)
 .debug_frame   0x0000000000002254       0x3c c:/program files/stm32cubeide_1.12.0/stm32cubeide/plugins/com.st.stm32cube.ide.mcu.externaltools.gnu-tools-for-stm32.10.3-2021.10.win32_1.0.200.202301161003/tools/bin/../lib/gcc/arm-none-eabi/10.3.1/../../../../arm-none-eabi/lib/thumb/v7-m/nofp\libc_nano.a(lib_a-puts.o)
 .debug_frame   0x0000000000002290       0x20 c:/program files/stm32cubeide_1.12.0/stm32cubeide/plugins/com.st.stm32cube.ide.mcu.externaltools.gnu-tools-for-stm32.10.3-2021.10.win32_1.0.200.202301161003/tools/bin/../lib/gcc/arm-none-eabi/10.3.1/../../../../arm-none-eabi/lib/thumb/v7-m/nofp\libc_nano.a(lib_a-strchr.o)
 .debug_frame   0x00000000000022b0       0x40 c:/program files/stm32cubeide_1.12.0/stm32cubeide/plugins/com.st.stm32cube.ide.mcu.externaltools.gnu-tools-for-stm32.10.3-2021.10.win32_1.0.200.202301161003/tools/bin/../lib/gcc/arm-none-eabi/10.3.1/../../../../arm-none-eabi/lib/thumb/v7-m/nofp\libc_nano.a(lib_a-wbuf.o)
 .debug_frame   0x00000000000022f0       0x2c c:/program files/stm32cubeide_1.12.0/stm32cubeide/plugins/com.st.stm32cube.ide.mcu.externaltools.gnu-tools-for-stm32.10.3-2021.10.win32_1.0.200.202301161003/tools/bin/../lib/gcc/arm-none-eabi/10.3.1/../../../../arm-none-eabi/lib/thumb/v7-m/nofp\libc_nano.a(lib_a-wsetup.o)
 .debug_frame   0x000000000000231c       0x5c c:/program files/stm32cubeide_1.12.0/stm32cubeide/plugins/com.st.stm32cube.ide.mcu.externaltools.gnu-tools-for-stm32.10.3-2021.10.win32_1.0.200.202301161003/tools/bin/../lib/gcc/arm-none-eabi/10.3.1/../../../../arm-none-eabi/lib/thumb/v7-m/nofp\libc_nano.a(lib_a-fflush.o)