../Core/Src/can.c:22:6:can_init	56	static
../Core/Src/can.c:82:6:HAL_CAN_MspInit	40	static
../Core/Src/can.c:114:6:HAL_CAN_RxFifo0MsgPendingCallback	16	static
../Core/Src/can.c:121:12:can_write	24	static
../Core/Src/can.c:133:12:can_write_callback	32	static
../Core/Src/can.c:147:6:can_test	16	static
../Core/Src/can.c:162:6:USB_LP_CAN1_RX0_IRQHandler	8	static
../Core/Src/can.c:166:6:CAN1_RX1_IRQHandler	8	static
../Core/Src/can.c:170:6:USB_HP_CAN1_TX_IRQHandler	8	static
../Core/Src/can.c:174:6:CAN1_SCE_IRQHandler	8	static
